Archive member included because of file (symbol)

c:/altera/13.0sp1/nios2eds/bin/gnu/h-i686-mingw32/bin/../lib/gcc/nios2-elf/4.1.2/../../../../nios2-elf/lib\libm.a(lib_a-s_lround.o)
                              obj/default/src/DevBoard_3D_CNC.o (lround)
c:/altera/13.0sp1/nios2eds/bin/gnu/h-i686-mingw32/bin/../lib/gcc/nios2-elf/4.1.2\libgcc.a(_fixunsdfsi.o)
                              obj/default/src/buffer_operation.o (__fixunsdfsi)
c:/altera/13.0sp1/nios2eds/bin/gnu/h-i686-mingw32/bin/../lib/gcc/nios2-elf/4.1.2\libgcc.a(_addsub_df.o)
                              obj/default/src/buffer_operation.o (__subdf3)
c:/altera/13.0sp1/nios2eds/bin/gnu/h-i686-mingw32/bin/../lib/gcc/nios2-elf/4.1.2\libgcc.a(_mul_df.o)
                              obj/default/src/DevBoard_3D_CNC.o (__muldf3)
c:/altera/13.0sp1/nios2eds/bin/gnu/h-i686-mingw32/bin/../lib/gcc/nios2-elf/4.1.2\libgcc.a(_div_df.o)
                              obj/default/src/DevBoard_3D_CNC.o (__divdf3)
c:/altera/13.0sp1/nios2eds/bin/gnu/h-i686-mingw32/bin/../lib/gcc/nios2-elf/4.1.2\libgcc.a(_eq_df.o)
                              obj/default/src/buffer_operation.o (__eqdf2)
c:/altera/13.0sp1/nios2eds/bin/gnu/h-i686-mingw32/bin/../lib/gcc/nios2-elf/4.1.2\libgcc.a(_ne_df.o)
                              obj/default/src/buffer_operation.o (__nedf2)
c:/altera/13.0sp1/nios2eds/bin/gnu/h-i686-mingw32/bin/../lib/gcc/nios2-elf/4.1.2\libgcc.a(_ge_df.o)
                              c:/altera/13.0sp1/nios2eds/bin/gnu/h-i686-mingw32/bin/../lib/gcc/nios2-elf/4.1.2\libgcc.a(_fixunsdfsi.o) (__gedf2)
c:/altera/13.0sp1/nios2eds/bin/gnu/h-i686-mingw32/bin/../lib/gcc/nios2-elf/4.1.2\libgcc.a(_lt_df.o)
                              obj/default/src/buffer_operation.o (__ltdf2)
c:/altera/13.0sp1/nios2eds/bin/gnu/h-i686-mingw32/bin/../lib/gcc/nios2-elf/4.1.2\libgcc.a(_si_to_df.o)
                              obj/default/src/DevBoard_3D_CNC.o (__floatsidf)
c:/altera/13.0sp1/nios2eds/bin/gnu/h-i686-mingw32/bin/../lib/gcc/nios2-elf/4.1.2\libgcc.a(_df_to_si.o)
                              obj/default/src/gcode_function.o (__fixdfsi)
c:/altera/13.0sp1/nios2eds/bin/gnu/h-i686-mingw32/bin/../lib/gcc/nios2-elf/4.1.2\libgcc.a(_thenan_df.o)
                              c:/altera/13.0sp1/nios2eds/bin/gnu/h-i686-mingw32/bin/../lib/gcc/nios2-elf/4.1.2\libgcc.a(_addsub_df.o) (__thenan_df)
c:/altera/13.0sp1/nios2eds/bin/gnu/h-i686-mingw32/bin/../lib/gcc/nios2-elf/4.1.2\libgcc.a(lib2-divmod.o)
                              obj/default/src/buffer_operation.o (__udivsi3)
c:/altera/13.0sp1/nios2eds/bin/gnu/h-i686-mingw32/bin/../lib/gcc/nios2-elf/4.1.2\libgcc.a(_muldi3.o)
                              c:/altera/13.0sp1/nios2eds/bin/gnu/h-i686-mingw32/bin/../lib/gcc/nios2-elf/4.1.2\libgcc.a(_mul_df.o) (__muldi3)
c:/altera/13.0sp1/nios2eds/bin/gnu/h-i686-mingw32/bin/../lib/gcc/nios2-elf/4.1.2\libgcc.a(_clzsi2.o)
                              c:/altera/13.0sp1/nios2eds/bin/gnu/h-i686-mingw32/bin/../lib/gcc/nios2-elf/4.1.2\libgcc.a(_si_to_df.o) (__clzsi2)
c:/altera/13.0sp1/nios2eds/bin/gnu/h-i686-mingw32/bin/../lib/gcc/nios2-elf/4.1.2\libgcc.a(_pack_df.o)
                              c:/altera/13.0sp1/nios2eds/bin/gnu/h-i686-mingw32/bin/../lib/gcc/nios2-elf/4.1.2\libgcc.a(_addsub_df.o) (__pack_d)
c:/altera/13.0sp1/nios2eds/bin/gnu/h-i686-mingw32/bin/../lib/gcc/nios2-elf/4.1.2\libgcc.a(_unpack_df.o)
                              c:/altera/13.0sp1/nios2eds/bin/gnu/h-i686-mingw32/bin/../lib/gcc/nios2-elf/4.1.2\libgcc.a(_addsub_df.o) (__unpack_d)
c:/altera/13.0sp1/nios2eds/bin/gnu/h-i686-mingw32/bin/../lib/gcc/nios2-elf/4.1.2\libgcc.a(_fpcmp_parts_df.o)
                              c:/altera/13.0sp1/nios2eds/bin/gnu/h-i686-mingw32/bin/../lib/gcc/nios2-elf/4.1.2\libgcc.a(_eq_df.o) (__fpcmp_parts_d)
c:/altera/13.0sp1/nios2eds/bin/gnu/h-i686-mingw32/bin/../lib/gcc/nios2-elf/4.1.2\libgcc.a(_clz.o)
                              c:/altera/13.0sp1/nios2eds/bin/gnu/h-i686-mingw32/bin/../lib/gcc/nios2-elf/4.1.2\libgcc.a(_clzsi2.o) (__clz_tab)
c:/altera/13.0sp1/nios2eds/bin/gnu/h-i686-mingw32/bin/../lib/gcc/nios2-elf/4.1.2/../../../../nios2-elf/lib\libc.a(lib_a-fclose.o)
                              obj/default/src/lcd.o (fclose)
c:/altera/13.0sp1/nios2eds/bin/gnu/h-i686-mingw32/bin/../lib/gcc/nios2-elf/4.1.2/../../../../nios2-elf/lib\libc.a(lib_a-fflush.o)
                              c:/altera/13.0sp1/nios2eds/bin/gnu/h-i686-mingw32/bin/../lib/gcc/nios2-elf/4.1.2/../../../../nios2-elf/lib\libc.a(lib_a-fclose.o) (_fflush_r)
c:/altera/13.0sp1/nios2eds/bin/gnu/h-i686-mingw32/bin/../lib/gcc/nios2-elf/4.1.2/../../../../nios2-elf/lib\libc.a(lib_a-findfp.o)
                              c:/altera/13.0sp1/nios2eds/bin/gnu/h-i686-mingw32/bin/../lib/gcc/nios2-elf/4.1.2/../../../../nios2-elf/lib\libc.a(lib_a-fclose.o) (__sfp_lock_acquire)
c:/altera/13.0sp1/nios2eds/bin/gnu/h-i686-mingw32/bin/../lib/gcc/nios2-elf/4.1.2/../../../../nios2-elf/lib\libc.a(lib_a-fopen.o)
[...]
Memory Configuration

Name             Origin             Length             Attributes
sdram            0x00000000         0x01fff800
interrupt_stack  0x01fff800         0x00000400
exception_stack  0x01fffc00         0x00000400
video_mem        0x02000000         0x02000000
cfi_flash        0x05800000         0x00800000
reset            0x06004000         0x00000020
onchip_mem       0x06004020         0x00003fe0
*default*        0x00000000         0xffffffff

Linker script and memory map

LOAD ../DevBoard_3D_CNC_hal_bsp//obj/HAL/src/crt0.o
LOAD obj/default/src/DevBoard_3D_CNC.o
LOAD obj/default/src/buffer_operation.o
LOAD obj/default/src/gcode_command.o
LOAD obj/default/src/gcode_function.o
LOAD obj/default/src/kcode_function.o
LOAD obj/default/src/lcd.o
LOAD obj/default/src/main.o
LOAD obj/default/src/mcode_function.o
LOAD obj/default/src/tcode_function.o
LOAD c:/altera/13.0sp1/nios2eds/bin/gnu/h-i686-mingw32/bin/../lib/gcc/nios2-elf/4.1.2/../../../../nios2-elf/lib\libstdc++.a
LOAD c:/altera/13.0sp1/nios2eds/bin/gnu/h-i686-mingw32/bin/../lib/gcc/nios2-elf/4.1.2/../../../../nios2-elf/lib\libm.a
LOAD c:/altera/13.0sp1/nios2eds/bin/gnu/h-i686-mingw32/bin/../lib/gcc/nios2-elf/4.1.2\libgcc.a
START GROUP
LOAD c:/altera/13.0sp1/nios2eds/bin/gnu/h-i686-mingw32/bin/../lib/gcc/nios2-elf/4.1.2/../../../../nios2-elf/lib\libc.a
LOAD c:/altera/13.0sp1/nios2eds/bin/gnu/h-i686-mingw32/bin/../lib/gcc/nios2-elf/4.1.2\libgcc.a
LOAD ../DevBoard_3D_CNC_hal_bsp/\libhal_bsp.a
END GROUP
LOAD c:/altera/13.0sp1/nios2eds/bin/gnu/h-i686-mingw32/bin/../lib/gcc/nios2-elf/4.1.2\libgcc.a
                0x00000000                __alt_mem_sdram = 0x0
                0x02000000                __alt_mem_video_mem = 0x2000000
                0x05800000                __alt_mem_cfi_flash = 0x5800000
                0x06004000                __alt_mem_onchip_mem = 0x6004000

.entry          0x06004000       0x20
 *(.entry)
 .entry         0x06004000       0x20 ../DevBoard_3D_CNC_hal_bsp//obj/HAL/src/crt0.o
                0x06004000                __reset

.exceptions     0x06004020        0x0 load address 0x00000000
                0x06004020                PROVIDE (__ram_exceptions_start, ABSOLUTE (.))
                0x06004020                . = ALIGN (0x20)
 *(.irq)
 *(.exceptions.entry.label)
 *(.exceptions.entry.user)
 *(.exceptions.entry)
 *(.exceptions.irqtest.user)
 *(.exceptions.irqtest)
 *(.exceptions.irqhandler.user)
 *(.exceptions.irqhandler)
 *(.exceptions.irqreturn.user)
 *(.exceptions.irqreturn)
 *(.exceptions.notirq.label)
 *(.exceptions.notirq.user)
 *(.exceptions.notirq)
 *(.exceptions.soft.user)
 *(.exceptions.soft)
 *(.exceptions.unknown.user)
 *(.exceptions.unknown)
 *(.exceptions.exit.label)
 *(.exceptions.exit.user)
 *(.exceptions.exit)
 *(.exceptions)
                0x06004020                PROVIDE (__ram_exceptions_end, ABSOLUTE (.))
                0x00000000                PROVIDE (__flash_exceptions_start, LOADADDR (.exceptions))

.text           0x00000000    0x1d788
                0x00000000                PROVIDE (stext, ABSOLUTE (.))
 *(.interp)
 *(.hash)
 *(.dynsym)
 *(.dynstr)
 *(.gnu.version)
 *(.gnu.version_d)
 *(.gnu.version_r)
 *(.rel.init)
 *(.rela.init)
 *(.rel.text .rel.text.* .rel.gnu.linkonce.t.*)
 *(.rela.text .rela.text.* .rela.gnu.linkonce.t.*)
 *(.rel.fini)
 *(.rela.fini)
 *(.rel.rodata .rel.rodata.* .rel.gnu.linkonce.r.*)
 *(.rela.rodata .rela.rodata.* .rela.gnu.linkonce.r.*)
 *(.rel.data .rel.data.* .rel.gnu.linkonce.d.*)
 *(.rela.data .rela.data.* .rela.gnu.linkonce.d.*)
 *(.rel.tdata .rel.tdata.* .rel.gnu.linkonce.td.*)
 *(.rela.tdata .rela.tdata.* .rela.gnu.linkonce.td.*)
 *(.rel.tbss .rel.tbss.* .rel.gnu.linkonce.tb.*)
 *(.rela.tbss .rela.tbss.* .rela.gnu.linkonce.tb.*)
 *(.rel.ctors)
 *(.rela.ctors)
 *(.rel.dtors)
 *(.rela.dtors)
 *(.rel.got)
 *(.rela.got)
 *(.rel.sdata .rel.sdata.* .rel.gnu.linkonce.s.*)
 *(.rela.sdata .rela.sdata.* .rela.gnu.linkonce.s.*)
 *(.rel.sbss .rel.sbss.* .rel.gnu.linkonce.sb.*)
 *(.rela.sbss .rela.sbss.* .rela.gnu.linkonce.sb.*)
 *(.rel.sdata2 .rel.sdata2.* .rel.gnu.linkonce.s2.*)
 *(.rela.sdata2 .rela.sdata2.* .rela.gnu.linkonce.s2.*)
 *(.rel.sbss2 .rel.sbss2.* .rel.gnu.linkonce.sb2.*)
 *(.rela.sbss2 .rela.sbss2.* .rela.gnu.linkonce.sb2.*)
 *(.rel.bss .rel.bss.* .rel.gnu.linkonce.b.*)
 *(.rela.bss .rela.bss.* .rela.gnu.linkonce.b.*)
 *(.rel.plt)
 *(.rela.plt)
 *(.rel.dyn)
 *(.init)
 *(.plt)
 *(.text .stub .text.* .gnu.linkonce.t.*)
 .text          0x00000000       0xa0 ../DevBoard_3D_CNC_hal_bsp//obj/HAL/src/crt0.o
                0x00000000                _start
 .text          0x000000a0      0x750 obj/default/src/DevBoard_3D_CNC.o
                0x000000a0                DevBoard_3D_CNC_init
                0x0000069c                GetExtruderNum
                0x000006cc                GetExtruderPos
                0x000006f8                MAX31855TemperatureToHex
                0x00000774                MAX31855HexToTemperature
 .text          0x000007f0     0x2ab4 obj/default/src/buffer_operation.o
                0x000007f0                CheckingMotorRunning
                0x00000838                buffer_interrupt_latency_irq
                0x0000095c                buffer_init
                0x00000bac                buffer_command_g1
                0x00000d54                buffer_command_g2
                0x00000f24                buffer_command_g3
                0x000010f4                buffer_command_g28
                0x00001268                buffer_command_t
 .text          0x000032a4      0x8b0 obj/default/src/gcode_command.o
                0x000032a4                init_gcode_command
                0x00003308                write_gcode_command
                0x000033d4                PressToEnter
                0x000039ec                GetStringToValue_d
                0x00003a80                GetStringToValue
                0x00003aec                EndofCommand
 .text          0x00003b54     0x1194 obj/default/src/gcode_function.o
 .text          0x00004ce8        0x0 obj/default/src/kcode_function.o
 .text          0x00004ce8      0x184 obj/default/src/lcd.o
                0x00004ce8                LCD_Display_Open
                0x00004d44                LCD_Display_TextOut
                0x00004da8                LCD_Display_Clear
                0x00004e30                LCD_Display_Close
 .text          0x00004e6c      0x11c obj/default/src/main.o
                0x00004e6c                main
 .text          0x00004f88     0x1654 obj/default/src/mcode_function.o
 .text          0x000065dc      0x300 obj/default/src/tcode_function.o
 .text          0x000068dc      0x100 c:/altera/13.0sp1/nios2eds/bin/gnu/h-i686-mingw32/bin/../lib/gcc/nios2-elf/4.1.2/../../../../nios2-elf/lib\libm.a(lib_a-s_lround.o)
                0x000068dc                lround
 .text          0x000069dc       0xa4 c:/altera/13.0sp1/nios2eds/bin/gnu/h-i686-mingw32/bin/../lib/gcc/nios2-elf/4.1.2\libgcc.a(_fixunsdfsi.o)
                0x000069dc                __fixunsdfsi
 .text          0x00006a80      0x504 c:/altera/13.0sp1/nios2eds/bin/gnu/h-i686-mingw32/bin/../lib/gcc/nios2-elf/4.1.2\libgcc.a(_addsub_df.o)
                0x00006e90                __subdf3
                0x00006f10                __adddf3
 .text          0x00006f84      0x3c4 c:/altera/13.0sp1/nios2eds/bin/gnu/h-i686-mingw32/bin/../lib/gcc/nios2-elf/4.1.2\libgcc.a(_mul_df.o)
                0x00006f84                __muldf3
 .text          0x00007348      0x258 c:/altera/13.0sp1/nios2eds/bin/gnu/h-i686-mingw32/bin/../lib/gcc/nios2-elf/4.1.2\libgcc.a(_div_df.o)
                0x00007348                __divdf3
 .text          0x000075a0       0x88 c:/altera/13.0sp1/nios2eds/bin/gnu/h-i686-mingw32/bin/../lib/gcc/nios2-elf/4.1.2\libgcc.a(_eq_df.o)
                0x000075a0                __eqdf2
 .text          0x00007628       0x88 c:/altera/13.0sp1/nios2eds/bin/gnu/h-i686-mingw32/bin/../lib/gcc/nios2-elf/4.1.2\libgcc.a(_ne_df.o)
                0x00007628                __nedf2
 .text          0x000076b0       0x88 c:/altera/13.0sp1/nios2eds/bin/gnu/h-i686-mingw32/bin/../lib/gcc/nios2-elf/4.1.2\libgcc.a(_ge_df.o)
                0x000076b0                __gedf2
 .text          0x00007738       0x88 c:/altera/13.0sp1/nios2eds/bin/gnu/h-i686-mingw32/bin/../lib/gcc/nios2-elf/4.1.2\libgcc.a(_lt_df.o)
                0x00007738                __ltdf2
 .text          0x000077c0       0xf8 c:/altera/13.0sp1/nios2eds/bin/gnu/h-i686-mingw32/bin/../lib/gcc/nios2-elf/4.1.2\libgcc.a(_si_to_df.o)
                0x000077c0                __floatsidf
 .text          0x000078b8       0xd8 c:/altera/13.0sp1/nios2eds/bin/gnu/h-i686-mingw32/bin/../lib/gcc/nios2-elf/4.1.2\libgcc.a(_df_to_si.o)
                0x000078b8                __fixdfsi
 .text          0x00007990        0x0 c:/altera/13.0sp1/nios2eds/bin/gnu/h-i686-mingw32/bin/../lib/gcc/nios2-elf/4.1.2\libgcc.a(_thenan_df.o)
 .text          0x00007990      0x14c c:/altera/13.0sp1/nios2eds/bin/gnu/h-i686-mingw32/bin/../lib/gcc/nios2-elf/4.1.2\libgcc.a(lib2-divmod.o)
                0x00007a0c                __divsi3
                0x00007a6c                __modsi3
                0x00007acc                __udivsi3
                0x00007ad4                __umodsi3
 .text          0x00007adc       0x98 c:/altera/13.0sp1/nios2eds/bin/gnu/h-i686-mingw32/bin/../lib/gcc/nios2-elf/4.1.2\libgcc.a(_muldi3.o)
                0x00007adc                __muldi3
 .text          0x00007b74       0x80 c:/altera/13.0sp1/nios2eds/bin/gnu/h-i686-mingw32/bin/../lib/gcc/nios2-elf/4.1.2\libgcc.a(_clzsi2.o)
                0x00007b74                __clzsi2
 .text          0x00007bf4      0x314 c:/altera/13.0sp1/nios2eds/bin/gnu/h-i686-mingw32/bin/../lib/gcc/nios2-elf/4.1.2\libgcc.a(_pack_df.o)
                0x00007bf4                __pack_d
 .text          0x00007f08      0x138 c:/altera/13.0sp1/nios2eds/bin/gnu/h-i686-mingw32/bin/../lib/gcc/nios2-elf/4.1.2\libgcc.a(_unpack_df.o)
                0x00007f08                __unpack_d
 .text          0x00008040       0xc8 c:/altera/13.0sp1/nios2eds/bin/gnu/h-i686-mingw32/bin/../lib/gcc/nios2-elf/4.1.2\libgcc.a(_fpcmp_parts_df.o)
                0x00008040                __fpcmp_parts_d
 .text          0x00008108        0x0 c:/altera/13.0sp1/nios2eds/bin/gnu/h-i686-mingw32/bin/../lib/gcc/nios2-elf/4.1.2\libgcc.a(_clz.o)
 .text          0x00008108      0x124 c:/altera/13.0sp1/nios2eds/bin/gnu/h-i686-mingw32/bin/../lib/gcc/nios2-elf/4.1.2/../../../../nios2-elf/lib\libc.a(lib_a-fclose.o)
                0x00008108                _fclose_r
                0x00008218                fclose
 .text          0x0000822c      0x230 c:/altera/13.0sp1/nios2eds/bin/gnu/h-i686-mingw32/bin/../lib/gcc/nios2-elf/4.1.2/../../../../nios2-elf/lib\libc.a(lib_a-fflush.o)
                0x0000822c                _fflush_r
                0x00008428                fflush
 .text          0x0000845c      0x2c0 c:/altera/13.0sp1/nios2eds/bin/gnu/h-i686-mingw32/bin/../lib/gcc/nios2-elf/4.1.2/../../../../nios2-elf/lib\libc.a(lib_a-findfp.o)
                0x000084b4                __sfp_lock_acquire
                0x000084b8                __sfp_lock_release
                0x000084bc                __sinit_lock_acquire
                0x000084c0                __sinit_lock_release
                0x000084c4                __sinit
                0x00008578                __fp_unlock_all
                0x00008590                __fp_lock_all
                0x000085a8                _cleanup_r
                0x000085b4                _cleanup
                0x000085c4                __sfmoreglue
                0x0000862c                __sfp
 .text          0x0000871c      0x110 c:/altera/13.0sp1/nios2eds/bin/gnu/h-i686-mingw32/bin/../lib/gcc/nios2-elf/4.1.2/../../../../nios2-elf/lib\libc.a(lib_a-fopen.o)
                0x0000871c                _fopen_r
                0x00008810                fopen
 .text          0x0000882c      0x440 c:/altera/13.0sp1/nios2eds/bin/gnu/h-i686-mingw32/bin/../lib/gcc/nios2-elf/4.1.2/../../../../nios2-elf/lib\libc.a(lib_a-freer.o)
                0x0000882c                _malloc_trim_r
                0x00008958                _free_r
 .text          0x00008c6c      0x460 c:/altera/13.0sp1/nios2eds/bin/gnu/h-i686-mingw32/bin/../lib/gcc/nios2-elf/4.1.2/../../../../nios2-elf/lib\libc.a(lib_a-fseek.o)
                0x00008c6c                _fseek_r
                0x000090a8                fseek
 .text          0x000090cc       0x74 c:/altera/13.0sp1/nios2eds/bin/gnu/h-i686-mingw32/bin/../lib/gcc/nios2-elf/4.1.2/../../../../nios2-elf/lib\libc.a(lib_a-fstatr.o)
                0x000090cc                _fstat_r
 .text          0x00009140      0x180 c:/altera/13.0sp1/nios2eds/bin/gnu/h-i686-mingw32/bin/../lib/gcc/nios2-elf/4.1.2/../../../../nios2-elf/lib\libc.a(lib_a-fwalk.o)
                0x00009140                _fwalk_reent
                0x00009208                _fwalk
 .text          0x000092c0       0xdc c:/altera/13.0sp1/nios2eds/bin/gnu/h-i686-mingw32/bin/../lib/gcc/nios2-elf/4.1.2/../../../../nios2-elf/lib\libc.a(lib_a-fwrite.o)
                0x000092c0                _fwrite_r
                0x0000935c                fwrite
 .text          0x0000939c        0x0 c:/altera/13.0sp1/nios2eds/bin/gnu/h-i686-mingw32/bin/../lib/gcc/nios2-elf/4.1.2/../../../../nios2-elf/lib\libc.a(lib_a-impure.o)
 .text          0x0000939c        0x0 c:/altera/13.0sp1/nios2eds/bin/gnu/h-i686-mingw32/bin/../lib/gcc/nios2-elf/4.1.2/../../../../nios2-elf/lib\libc.a(lib_a-int_errno.o)
 .text          0x0000939c      0x194 c:/altera/13.0sp1/nios2eds/bin/gnu/h-i686-mingw32/bin/../lib/gcc/nios2-elf/4.1.2/../../../../nios2-elf/lib\libc.a(lib_a-makebuf.o)
                0x0000939c                __smakebuf_r
 .text          0x00009530       0x28 c:/altera/13.0sp1/nios2eds/bin/gnu/h-i686-mingw32/bin/../lib/gcc/nios2-elf/4.1.2/../../../../nios2-elf/lib\libc.a(lib_a-malloc.o)
                0x00009530                free
                0x00009544                malloc
 .text          0x00009558      0x740 c:/altera/13.0sp1/nios2eds/bin/gnu/h-i686-mingw32/bin/../lib/gcc/nios2-elf/4.1.2/../../../../nios2-elf/lib\libc.a(lib_a-mallocr.o)
                0x00009558                _malloc_r
 .text          0x00009c98       0x98 c:/altera/13.0sp1/nios2eds/bin/gnu/h-i686-mingw32/bin/../lib/gcc/nios2-elf/4.1.2/../../../../nios2-elf/lib\libc.a(lib_a-memset.o)
                0x00009c98                memset
 .text          0x00009d30       0x78 c:/altera/13.0sp1/nios2eds/bin/gnu/h-i686-mingw32/bin/../lib/gcc/nios2-elf/4.1.2/../../../../nios2-elf/lib\libc.a(lib_a-openr.o)
                0x00009d30                _open_r
 .text          0x00009da8       0x78 c:/altera/13.0sp1/nios2eds/bin/gnu/h-i686-mingw32/bin/../lib/gcc/nios2-elf/4.1.2/../../../../nios2-elf/lib\libc.a(lib_a-printf.o)
                0x00009da8                printf
                0x00009dec                _printf_r
 .text          0x00009e20       0x24 c:/altera/13.0sp1/nios2eds/bin/gnu/h-i686-mingw32/bin/../lib/gcc/nios2-elf/4.1.2/../../../../nios2-elf/lib\libc.a(lib_a-putchar.o)
                0x00009e20                putchar
                0x00009e3c                _putchar_r
 .text          0x00009e44       0xb4 c:/altera/13.0sp1/nios2eds/bin/gnu/h-i686-mingw32/bin/../lib/gcc/nios2-elf/4.1.2/../../../../nios2-elf/lib\libc.a(lib_a-puts.o)
                0x00009e44                _puts_r
                0x00009ee4                puts
 .text          0x00009ef8      0x1e0 c:/altera/13.0sp1/nios2eds/bin/gnu/h-i686-mingw32/bin/../lib/gcc/nios2-elf/4.1.2/../../../../nios2-elf/lib\libc.a(lib_a-refill.o)
                0x00009ef8                __srefill_r
 .text          0x0000a0d8       0x70 c:/altera/13.0sp1/nios2eds/bin/gnu/h-i686-mingw32/bin/../lib/gcc/nios2-elf/4.1.2/../../../../nios2-elf/lib\libc.a(lib_a-sbrkr.o)
                0x0000a0d8                _sbrk_r
 .text          0x0000a148       0xd4 c:/altera/13.0sp1/nios2eds/bin/gnu/h-i686-mingw32/bin/../lib/gcc/nios2-elf/4.1.2/../../../../nios2-elf/lib\libc.a(lib_a-sprintf.o)
                0x0000a148                sprintf
                0x0000a1bc                _sprintf_r
 .text          0x0000a21c      0x114 c:/altera/13.0sp1/nios2eds/bin/gnu/h-i686-mingw32/bin/../lib/gcc/nios2-elf/4.1.2/../../../../nios2-elf/lib\libc.a(lib_a-sscanf.o)
                0x0000a224                _sscanf_r
                0x0000a2ac                sscanf
 .text          0x0000a330      0x14c c:/altera/13.0sp1/nios2eds/bin/gnu/h-i686-mingw32/bin/../lib/gcc/nios2-elf/4.1.2/../../../../nios2-elf/lib\libc.a(lib_a-stdio.o)
                0x0000a330                __sclose
                0x0000a338                __sseek
                0x0000a3a0                __swrite
                0x0000a41c                __sread
 .text          0x0000a47c       0xe0 c:/altera/13.0sp1/nios2eds/bin/gnu/h-i686-mingw32/bin/../lib/gcc/nios2-elf/4.1.2/../../../../nios2-elf/lib\libc.a(lib_a-strchr.o)
                0x0000a47c                strchr
 .text          0x0000a55c       0x74 c:/altera/13.0sp1/nios2eds/bin/gnu/h-i686-mingw32/bin/../lib/gcc/nios2-elf/4.1.2/../../../../nios2-elf/lib\libc.a(lib_a-strlen.o)
                0x0000a55c                strlen
 .text          0x0000a5d0     0x166c c:/altera/13.0sp1/nios2eds/bin/gnu/h-i686-mingw32/bin/../lib/gcc/nios2-elf/4.1.2/../../../../nios2-elf/lib\libc.a(lib_a-strtod.o)
                0x0000a618                _strtod_r
                0x0000bafc                strtof
                0x0000bc20                strtod
 .text          0x0000bc3c      0x268 c:/altera/13.0sp1/nios2eds/bin/gnu/h-i686-mingw32/bin/../lib/gcc/nios2-elf/4.1.2/../../../../nios2-elf/lib\libc.a(lib_a-strtol.o)
                0x0000bc3c                _strtol_r
                0x0000be80                strtol
 .text          0x0000bea4       0x28 c:/altera/13.0sp1/nios2eds/bin/gnu/h-i686-mingw32/bin/../lib/gcc/nios2-elf/4.1.2/../../../../nios2-elf/lib\libc.a(lib_a-toupper.o)
                0x0000bea4                toupper
 .text          0x0000becc     0x1f28 c:/altera/13.0sp1/nios2eds/bin/gnu/h-i686-mingw32/bin/../lib/gcc/nios2-elf/4.1.2/../../../../nios2-elf/lib\libc.a(lib_a-vfprintf.o)
                0x0000bf24                ___vfprintf_internal_r
                0x0000ddd0                __vfprintf_internal
 .text          0x0000ddf4     0x1780 c:/altera/13.0sp1/nios2eds/bin/gnu/h-i686-mingw32/bin/../lib/gcc/nios2-elf/4.1.2/../../../../nios2-elf/lib\libc.a(lib_a-vfscanf.o)
                0x0000ddf4                __svfscanf_r
                0x0000f474                __svfscanf
                0x0000f498                _vfscanf_r
                0x0000f500                vfscanf
 .text          0x0000f574       0x78 c:/altera/13.0sp1/nios2eds/bin/gnu/h-i686-mingw32/bin/../lib/gcc/nios2-elf/4.1.2/../../../../nios2-elf/lib\libc.a(lib_a-writer.o)
                0x0000f574                _write_r
 .text          0x0000f5ec      0x13c c:/altera/13.0sp1/nios2eds/bin/gnu/h-i686-mingw32/bin/../lib/gcc/nios2-elf/4.1.2/../../../../nios2-elf/lib\libc.a(lib_a-wsetup.o)
                0x0000f5ec                __swsetup_r
 .text          0x0000f728       0x70 c:/altera/13.0sp1/nios2eds/bin/gnu/h-i686-mingw32/bin/../lib/gcc/nios2-elf/4.1.2/../../../../nios2-elf/lib\libc.a(lib_a-closer.o)
                0x0000f728                _close_r
 .text          0x0000f798        0x0 c:/altera/13.0sp1/nios2eds/bin/gnu/h-i686-mingw32/bin/../lib/gcc/nios2-elf/4.1.2/../../../../nios2-elf/lib\libc.a(lib_a-ctype_.o)
 .text          0x0000f798     0x17cc c:/altera/13.0sp1/nios2eds/bin/gnu/h-i686-mingw32/bin/../lib/gcc/nios2-elf/4.1.2/../../../../nios2-elf/lib\libc.a(lib_a-dtoa.o)
                0x0000f9b0                _dtoa_r
 .text          0x00010f64       0xa0 c:/altera/13.0sp1/nios2eds/bin/gnu/h-i686-mingw32/bin/../lib/gcc/nios2-elf/4.1.2/../../../../nios2-elf/lib\libc.a(lib_a-flags.o)
                0x00010f64                __sflags
 .text          0x00011004      0x23c c:/altera/13.0sp1/nios2eds/bin/gnu/h-i686-mingw32/bin/../lib/gcc/nios2-elf/4.1.2/../../../../nios2-elf/lib\libc.a(lib_a-fread.o)
                0x00011004                _fread_r
                0x00011200                fread
 .text          0x00011240      0x49c c:/altera/13.0sp1/nios2eds/bin/gnu/h-i686-mingw32/bin/../lib/gcc/nios2-elf/4.1.2/../../../../nios2-elf/lib\libc.a(lib_a-fvwrite.o)
                0x00011240                __sfvwrite_r
 .text          0x000116dc      0x8f4 c:/altera/13.0sp1/nios2eds/bin/gnu/h-i686-mingw32/bin/../lib/gcc/nios2-elf/4.1.2/../../../../nios2-elf/lib\libc.a(lib_a-gdtoa-gethex.o)
                0x00011700                __hexdig_init
                0x00011818                __gethex
 .text          0x00011fd0      0x294 c:/altera/13.0sp1/nios2eds/bin/gnu/h-i686-mingw32/bin/../lib/gcc/nios2-elf/4.1.2/../../../../nios2-elf/lib\libc.a(lib_a-gdtoa-hexnan.o)
                0x0001201c                __hexnan
 .text          0x00012264       0x70 c:/altera/13.0sp1/nios2eds/bin/gnu/h-i686-mingw32/bin/../lib/gcc/nios2-elf/4.1.2/../../../../nios2-elf/lib\libc.a(lib_a-isattyr.o)
                0x00012264                _isatty_r
 .text          0x000122d4       0x2c c:/altera/13.0sp1/nios2eds/bin/gnu/h-i686-mingw32/bin/../lib/gcc/nios2-elf/4.1.2/../../../../nios2-elf/lib\libc.a(lib_a-iswspace.o)
                0x000122d4                iswspace
 .text          0x00012300       0xc4 c:/altera/13.0sp1/nios2eds/bin/gnu/h-i686-mingw32/bin/../lib/gcc/nios2-elf/4.1.2/../../../../nios2-elf/lib\libc.a(lib_a-locale.o)
                0x00012300                __locale_charset
                0x00012308                _localeconv_r
                0x00012314                localeconv
                0x00012324                _setlocale_r
                0x000123a8                setlocale
 .text          0x000123c4       0x78 c:/altera/13.0sp1/nios2eds/bin/gnu/h-i686-mingw32/bin/../lib/gcc/nios2-elf/4.1.2/../../../../nios2-elf/lib\libc.a(lib_a-lseekr.o)
                0x000123c4                _lseek_r
 .text          0x0001243c       0xc0 c:/altera/13.0sp1/nios2eds/bin/gnu/h-i686-mingw32/bin/../lib/gcc/nios2-elf/4.1.2/../../../../nios2-elf/lib\libc.a(lib_a-mbrtowc.o)
                0x0001243c                _mbrtowc_r
                0x000124bc                mbrtowc
 .text          0x000124fc       0x40 c:/altera/13.0sp1/nios2eds/bin/gnu/h-i686-mingw32/bin/../lib/gcc/nios2-elf/4.1.2/../../../../nios2-elf/lib\libc.a(lib_a-mbtowc_r.o)
                0x000124fc                _mbtowc_r
 .text          0x0001253c       0xe4 c:/altera/13.0sp1/nios2eds/bin/gnu/h-i686-mingw32/bin/../lib/gcc/nios2-elf/4.1.2/../../../../nios2-elf/lib\libc.a(lib_a-memchr.o)
                0x0001253c                memchr
 .text          0x00012620       0xa0 c:/altera/13.0sp1/nios2eds/bin/gnu/h-i686-mingw32/bin/../lib/gcc/nios2-elf/4.1.2/../../../../nios2-elf/lib\libc.a(lib_a-memcpy.o)
                0x00012620                memcpy
 .text          0x000126c0       0xe0 c:/altera/13.0sp1/nios2eds/bin/gnu/h-i686-mingw32/bin/../lib/gcc/nios2-elf/4.1.2/../../../../nios2-elf/lib\libc.a(lib_a-memmove.o)
                0x000126c0                memmove
 .text          0x000127a0      0xff4 c:/altera/13.0sp1/nios2eds/bin/gnu/h-i686-mingw32/bin/../lib/gcc/nios2-elf/4.1.2/../../../../nios2-elf/lib\libc.a(lib_a-mprec.o)
                0x000127a0                _Bfree
                0x000127c8                __hi0bits
                0x00012838                __lo0bits
                0x000128fc                __mcmp
                0x0001295c                __ulp
                0x000129dc                __b2d
                0x00012afc                __ratio
                0x00012bac                _mprec_log10
                0x00012c40                __copybits
                0x00012c98                __any_on
                0x00012d20                _Balloc
                0x00012ddc                __d2b
                0x00012f58                __mdiff
                0x000130e4                __lshift
                0x00013230                __multiply
                0x00013418                __i2b
                0x00013454                __multadd
                0x00013554                __pow5mult
                0x00013674                __s2b
 .text          0x00013794      0x1ec c:/altera/13.0sp1/nios2eds/bin/gnu/h-i686-mingw32/bin/../lib/gcc/nios2-elf/4.1.2/../../../../nios2-elf/lib\libc.a(lib_a-putc.o)
                0x00013794                putc
                0x00013898                _putc_r
 .text          0x00013980       0x78 c:/altera/13.0sp1/nios2eds/bin/gnu/h-i686-mingw32/bin/../lib/gcc/nios2-elf/4.1.2/../../../../nios2-elf/lib\libc.a(lib_a-readr.o)
                0x00013980                _read_r
 .text          0x000139f8      0x5f4 c:/altera/13.0sp1/nios2eds/bin/gnu/h-i686-mingw32/bin/../lib/gcc/nios2-elf/4.1.2/../../../../nios2-elf/lib\libc.a(lib_a-reallocr.o)
                0x000139f8                _realloc_r
 .text          0x00013fec       0x40 c:/altera/13.0sp1/nios2eds/bin/gnu/h-i686-mingw32/bin/../lib/gcc/nios2-elf/4.1.2/../../../../nios2-elf/lib\libc.a(lib_a-s_isinfd.o)
                0x00013fec                __isinfd
 .text          0x0001402c       0x30 c:/altera/13.0sp1/nios2eds/bin/gnu/h-i686-mingw32/bin/../lib/gcc/nios2-elf/4.1.2/../../../../nios2-elf/lib\libc.a(lib_a-s_isnand.o)
                0x0001402c                __isnand
 .text          0x0001405c       0xc0 c:/altera/13.0sp1/nios2eds/bin/gnu/h-i686-mingw32/bin/../lib/gcc/nios2-elf/4.1.2/../../../../nios2-elf/lib\libc.a(lib_a-sccl.o)
                0x0001405c                __sccl
 .text          0x0001411c        0x8 c:/altera/13.0sp1/nios2eds/bin/gnu/h-i686-mingw32/bin/../lib/gcc/nios2-elf/4.1.2/../../../../nios2-elf/lib\libc.a(lib_a-sf_nan.o)
                0x0001411c                nanf
 .text          0x00014124       0xbc c:/altera/13.0sp1/nios2eds/bin/gnu/h-i686-mingw32/bin/../lib/gcc/nios2-elf/4.1.2/../../../../nios2-elf/lib\libc.a(lib_a-strcmp.o)
                0x00014124                strcmp
 .text          0x000141e0      0x318 c:/altera/13.0sp1/nios2eds/bin/gnu/h-i686-mingw32/bin/../lib/gcc/nios2-elf/4.1.2/../../../../nios2-elf/lib\libc.a(lib_a-strtoll_r.o)
                0x000141e0                _strtoll_r
 .text          0x000144f8      0x254 c:/altera/13.0sp1/nios2eds/bin/gnu/h-i686-mingw32/bin/../lib/gcc/nios2-elf/4.1.2/../../../../nios2-elf/lib\libc.a(lib_a-strtoul.o)
                0x000144f8                _strtoul_r
                0x00014728                strtoul
 .text          0x0001474c      0x2f0 c:/altera/13.0sp1/nios2eds/bin/gnu/h-i686-mingw32/bin/../lib/gcc/nios2-elf/4.1.2/../../../../nios2-elf/lib\libc.a(lib_a-strtoull_r.o)
                0x0001474c                _strtoull_r
 .text          0x00014a3c      0x294 c:/altera/13.0sp1/nios2eds/bin/gnu/h-i686-mingw32/bin/../lib/gcc/nios2-elf/4.1.2/../../../../nios2-elf/lib\libc.a(lib_a-ungetc.o)
                0x00014a3c                __submore
                0x00014b18                _ungetc_r
                0x00014cb4                ungetc
 .text          0x00014cd0      0x14c c:/altera/13.0sp1/nios2eds/bin/gnu/h-i686-mingw32/bin/../lib/gcc/nios2-elf/4.1.2/../../../../nios2-elf/lib\libc.a(lib_a-wbuf.o)
                0x00014cd0                __swbuf_r
                0x00014e00                __swbuf
 .text          0x00014e1c       0xb4 c:/altera/13.0sp1/nios2eds/bin/gnu/h-i686-mingw32/bin/../lib/gcc/nios2-elf/4.1.2/../../../../nios2-elf/lib\libc.a(lib_a-callocr.o)
                0x00014e1c                _calloc_r
 .text          0x00014ed0      0x5dc c:/altera/13.0sp1/nios2eds/bin/gnu/h-i686-mingw32/bin/../lib/gcc/nios2-elf/4.1.2\libgcc.a(_udivdi3.o)
                0x00014ed0                __udivdi3
 .text          0x000154ac      0x5b0 c:/altera/13.0sp1/nios2eds/bin/gnu/h-i686-mingw32/bin/../lib/gcc/nios2-elf/4.1.2\libgcc.a(_umoddi3.o)
                0x000154ac                __umoddi3
 .text          0x00015a5c       0x78 c:/altera/13.0sp1/nios2eds/bin/gnu/h-i686-mingw32/bin/../lib/gcc/nios2-elf/4.1.2\libgcc.a(_ne_sf.o)
                0x00015a5c                __nesf2
 .text          0x00015ad4       0x78 c:/altera/13.0sp1/nios2eds/bin/gnu/h-i686-mingw32/bin/../lib/gcc/nios2-elf/4.1.2\libgcc.a(_gt_sf.o)
                0x00015ad4                __gtsf2
 .text          0x00015b4c       0x78 c:/altera/13.0sp1/nios2eds/bin/gnu/h-i686-mingw32/bin/../lib/gcc/nios2-elf/4.1.2\libgcc.a(_lt_sf.o)
                0x00015b4c                __ltsf2
 .text          0x00015bc4       0x88 c:/altera/13.0sp1/nios2eds/bin/gnu/h-i686-mingw32/bin/../lib/gcc/nios2-elf/4.1.2\libgcc.a(_gt_df.o)
                0x00015bc4                __gtdf2
 .text          0x00015c4c       0x88 c:/altera/13.0sp1/nios2eds/bin/gnu/h-i686-mingw32/bin/../lib/gcc/nios2-elf/4.1.2\libgcc.a(_le_df.o)
                0x00015c4c                __ledf2
 .text          0x00015cd4       0x74 c:/altera/13.0sp1/nios2eds/bin/gnu/h-i686-mingw32/bin/../lib/gcc/nios2-elf/4.1.2\libgcc.a(_df_to_sf.o)
                0x00015cd4                __truncdfsf2
 .text          0x00015d48      0x194 c:/altera/13.0sp1/nios2eds/bin/gnu/h-i686-mingw32/bin/../lib/gcc/nios2-elf/4.1.2\libgcc.a(_usi_to_df.o)
                0x00015d48                __floatunsidf
 .text          0x00015edc       0xc8 c:/altera/13.0sp1/nios2eds/bin/gnu/h-i686-mingw32/bin/../lib/gcc/nios2-elf/4.1.2\libgcc.a(_unpack_sf.o)
                0x00015edc                __unpack_f
 .text          0x00015fa4       0xa8 c:/altera/13.0sp1/nios2eds/bin/gnu/h-i686-mingw32/bin/../lib/gcc/nios2-elf/4.1.2\libgcc.a(_fpcmp_parts_sf.o)
                0x00015fa4                __fpcmp_parts_f
 .text          0x0001604c       0x2c c:/altera/13.0sp1/nios2eds/bin/gnu/h-i686-mingw32/bin/../lib/gcc/nios2-elf/4.1.2\libgcc.a(_make_sf.o)
                0x0001604c                __make_fp
 .text          0x00016078      0x160 c:/altera/13.0sp1/nios2eds/bin/gnu/h-i686-mingw32/bin/../lib/gcc/nios2-elf/4.1.2\libgcc.a(_pack_sf.o)
                0x00016078                __pack_f
 .text          0x000161d8      0x15c ../DevBoard_3D_CNC_hal_bsp/\libhal_bsp.a(alt_close.o)
                0x000161d8                close
 .text          0x00016334       0x2c ../DevBoard_3D_CNC_hal_bsp/\libhal_bsp.a(alt_dev.o)
 .text          0x00016360        0x0 ../DevBoard_3D_CNC_hal_bsp/\libhal_bsp.a(alt_errno.o)
 .text          0x00016360      0x134 ../DevBoard_3D_CNC_hal_bsp/\libhal_bsp.a(alt_fstat.o)
                0x00016360                fstat
 .text          0x00016494      0x120 ../DevBoard_3D_CNC_hal_bsp/\libhal_bsp.a(alt_isatty.o)
                0x00016494                isatty
 .text          0x000165b4       0xec ../DevBoard_3D_CNC_hal_bsp/\libhal_bsp.a(alt_load.o)
                0x000165b4                alt_load
 .text          0x000166a0      0x150 ../DevBoard_3D_CNC_hal_bsp/\libhal_bsp.a(alt_lseek.o)
                0x000166a0                lseek
 .text          0x000167f0       0x6c ../DevBoard_3D_CNC_hal_bsp/\libhal_bsp.a(alt_main.o)
                0x000167f0                alt_main
 .text          0x0001685c       0x40 ../DevBoard_3D_CNC_hal_bsp/\libhal_bsp.a(alt_malloc_lock.o)
                0x0001685c                __malloc_lock
                0x0001687c                __malloc_unlock
 .text          0x0001689c      0x2c4 ../DevBoard_3D_CNC_hal_bsp/\libhal_bsp.a(alt_open.o)
                0x00016978                open
 .text          0x00016b60      0x180 ../DevBoard_3D_CNC_hal_bsp/\libhal_bsp.a(alt_read.o)
                0x00016b60                read
 .text          0x00016ce0       0x60 ../DevBoard_3D_CNC_hal_bsp/\libhal_bsp.a(alt_release_fd.o)
                0x00016ce0                alt_release_fd
 .text          0x00016d40      0x114 ../DevBoard_3D_CNC_hal_bsp/\libhal_bsp.a(alt_sbrk.o)
                0x00016d40                sbrk
 .text          0x00016e54       0x30 ../DevBoard_3D_CNC_hal_bsp/\libhal_bsp.a(alt_usleep.o)
                0x00016e54                usleep
 .text          0x00016e84      0x180 ../DevBoard_3D_CNC_hal_bsp/\libhal_bsp.a(alt_write.o)
                0x00016e84                write
 .text          0x00017004      0x218 ../DevBoard_3D_CNC_hal_bsp/\libhal_bsp.a(alt_sys_init.o)
                0x00017004                alt_irq_init
                0x00017044                alt_sys_init
 .text          0x0001721c      0x8c8 ../DevBoard_3D_CNC_hal_bsp/\libhal_bsp.a(altera_avalon_cfi_flash.o)
                0x0001721c                alt_flash_cfi_init
                0x000172f0                alt_flash_cfi_write
                0x000175b0                alt_flash_cfi_get_info
                0x00017640                alt_flash_cfi_read
                0x000176a8                alt_write_value_to_flash
                0x0001780c                alt_flash_program_block
 .text          0x00017ae4     0x14a8 ../DevBoard_3D_CNC_hal_bsp/\libhal_bsp.a(altera_avalon_cfi_flash_table.o)
                0x00017ae4                alt_read_query_entry_8bit
                0x00017b24                alt_read_query_entry_16bit
                0x00017b68                alt_read_query_entry_32bit
                0x00017bb0                alt_write_flash_command_8bit_device_8bit_mode
                0x00017bec                alt_write_flash_command_16bit_device_8bit_mode
                0x00017c68                alt_write_flash_command_32bit_device_8bit_mode
                0x00017cb0                alt_write_flash_command_16bit_device_16bit_mode
                0x00017cf4                alt_write_flash_command_32bit_device_16bit_mode
                0x00017d3c                alt_write_flash_command_32bit_device_32bit_mode
                0x00017d84                alt_write_native_8bit
                0x00017db8                alt_write_native_16bit
                0x00017dec                alt_write_native_32bit
                0x00017e1c                alt_set_flash_width_func
                0x00017ffc                alt_set_flash_algorithm_func
                0x00018124                alt_read_cfi_table
                0x00018704                alt_read_cfi_width
                0x00018eb0                alt_check_primary_table
 .text          0x00018f8c      0x148 ../DevBoard_3D_CNC_hal_bsp/\libhal_bsp.a(altera_avalon_jtag_uart_fd.o)
                0x00018f8c                altera_avalon_jtag_uart_read_fd
                0x00018fe4                altera_avalon_jtag_uart_write_fd
                0x0001903c                altera_avalon_jtag_uart_close_fd
                0x00019084                altera_avalon_jtag_uart_ioctl_fd
 .text          0x000190d4      0x40c ../DevBoard_3D_CNC_hal_bsp/\libhal_bsp.a(altera_avalon_jtag_uart_init.o)
                0x000190d4                altera_avalon_jtag_uart_init
                0x0001946c                altera_avalon_jtag_uart_close
 .text          0x000194e0       0xf4 ../DevBoard_3D_CNC_hal_bsp/\libhal_bsp.a(altera_avalon_jtag_uart_ioctl.o)
                0x000194e0                altera_avalon_jtag_uart_ioctl
 .text          0x000195d4      0x250 ../DevBoard_3D_CNC_hal_bsp/\libhal_bsp.a(altera_avalon_jtag_uart_read.o)
                0x000195d4                altera_avalon_jtag_uart_read
 .text          0x00019824      0x2b4 ../DevBoard_3D_CNC_hal_bsp/\libhal_bsp.a(altera_avalon_jtag_uart_write.o)
                0x00019824                altera_avalon_jtag_uart_write
 .text          0x00019ad8      0xee8 ../DevBoard_3D_CNC_hal_bsp/\libhal_bsp.a(altera_avalon_lcd_16207.o)
                0x0001a2ac                altera_avalon_lcd_16207_write
                0x0001a884                altera_avalon_lcd_16207_init
 .text          0x0001a9c0       0x58 ../DevBoard_3D_CNC_hal_bsp/\libhal_bsp.a(altera_avalon_lcd_16207_fd.o)
                0x0001a9c0                altera_avalon_lcd_16207_write_fd
 .text          0x0001aa18      0x304 ../DevBoard_3D_CNC_hal_bsp/\libhal_bsp.a(altera_avalon_mutex.o)
                0x0001aa94                altera_avalon_mutex_open
                0x0001ab4c                altera_avalon_mutex_close
                0x0001ab6c                altera_avalon_mutex_lock
                0x0001abac                altera_avalon_mutex_trylock
                0x0001abec                altera_avalon_mutex_unlock
                0x0001ac48                altera_avalon_mutex_is_mine
                0x0001acc4                altera_avalon_mutex_first_lock
 .text          0x0001ad1c      0x12c ../DevBoard_3D_CNC_hal_bsp/\libhal_bsp.a(altera_avalon_timer_sc.o)
                0x0001adb8                alt_avalon_timer_sc_init
 .text          0x0001ae48        0x0 ../DevBoard_3D_CNC_hal_bsp/\libhal_bsp.a(altera_avalon_timer_vars.o)
 .text          0x0001ae48      0x148 ../DevBoard_3D_CNC_hal_bsp/\libhal_bsp.a(altera_avalon_uart_fd.o)
                0x0001ae48                altera_avalon_uart_read_fd
                0x0001aea0                altera_avalon_uart_write_fd
                0x0001aef8                altera_avalon_uart_ioctl_fd
                0x0001af48                altera_avalon_uart_close_fd
 .text          0x0001af90      0x400 ../DevBoard_3D_CNC_hal_bsp/\libhal_bsp.a(altera_avalon_uart_init.o)
                0x0001af90                altera_avalon_uart_init
                0x0001b330                altera_avalon_uart_close
 .text          0x0001b390      0x1e8 ../DevBoard_3D_CNC_hal_bsp/\libhal_bsp.a(altera_avalon_uart_ioctl.o)
                0x0001b390                altera_avalon_uart_ioctl
 .text          0x0001b578      0x2e8 ../DevBoard_3D_CNC_hal_bsp/\libhal_bsp.a(altera_avalon_uart_read.o)
                0x0001b578                altera_avalon_uart_read
 .text          0x0001b860      0x280 ../DevBoard_3D_CNC_hal_bsp/\libhal_bsp.a(altera_avalon_uart_write.o)
                0x0001b860                altera_avalon_uart_write
 .text          0x0001bae0       0x80 ../DevBoard_3D_CNC_hal_bsp/\libhal_bsp.a(altera_interrupt_vector_tbl.o)
                0x0001bae0                INTERRUPT_VECTOR_TABLE
 .text          0x0001bb60       0x20 ../DevBoard_3D_CNC_hal_bsp/\libhal_bsp.a(altera_vic_funnel_non_preemptive.o)
                0x0001bb60                alt_shadow_non_preemptive_interrupt
 .text          0x0001bb80      0x15c ../DevBoard_3D_CNC_hal_bsp/\libhal_bsp.a(altera_vic_irq_init.o)
                0x0001bb80                alt_vic_irq_init
 .text          0x0001bcdc      0x174 ../DevBoard_3D_CNC_hal_bsp/\libhal_bsp.a(altera_vic_isr_register.o)
                0x0001bcdc                alt_ic_isr_register
 .text          0x0001be50      0x180 ../DevBoard_3D_CNC_hal_bsp/\libhal_bsp.a(alt_alarm_start.o)
                0x0001be50                alt_alarm_start
 .text          0x0001bfd0      0x14c ../DevBoard_3D_CNC_hal_bsp/\libhal_bsp.a(alt_busy_sleep.o)
                0x0001bfd0                alt_busy_sleep
 .text          0x0001c11c       0x78 ../DevBoard_3D_CNC_hal_bsp/\libhal_bsp.a(alt_dcache_flush.o)
                0x0001c11c                alt_dcache_flush
 .text          0x0001c194       0x44 ../DevBoard_3D_CNC_hal_bsp/\libhal_bsp.a(alt_dcache_flush_all.o)
                0x0001c194                alt_dcache_flush_all
 .text          0x0001c1d8      0x114 ../DevBoard_3D_CNC_hal_bsp/\libhal_bsp.a(alt_dev_llist_insert.o)
                0x0001c1d8                alt_dev_llist_insert
 .text          0x0001c2ec       0x64 ../DevBoard_3D_CNC_hal_bsp/\libhal_bsp.a(alt_do_ctors.o)
                0x0001c2ec                _do_ctors
 .text          0x0001c350       0x64 ../DevBoard_3D_CNC_hal_bsp/\libhal_bsp.a(alt_do_dtors.o)
                0x0001c350                _do_dtors
 .text          0x0001c3b4       0x94 ../DevBoard_3D_CNC_hal_bsp/\libhal_bsp.a(alt_find_dev.o)
                0x0001c3b4                alt_find_dev
 .text          0x0001c448      0x120 ../DevBoard_3D_CNC_hal_bsp/\libhal_bsp.a(alt_find_file.o)
                0x0001c448                alt_find_file
 .text          0x0001c568       0xd0 ../DevBoard_3D_CNC_hal_bsp/\libhal_bsp.a(alt_flash_dev.o)
                0x0001c568                alt_flash_open_dev
                0x0001c5e4                alt_flash_close_dev
 .text          0x0001c638       0xb8 ../DevBoard_3D_CNC_hal_bsp/\libhal_bsp.a(alt_get_fd.o)
                0x0001c638                alt_get_fd
 .text          0x0001c6f0       0x30 ../DevBoard_3D_CNC_hal_bsp/\libhal_bsp.a(alt_icache_flush_all.o)
                0x0001c6f0                alt_icache_flush_all
 .text          0x0001c720      0x13c ../DevBoard_3D_CNC_hal_bsp/\libhal_bsp.a(alt_io_redirect.o)
                0x0001c7e4                alt_io_redirect
 .text          0x0001c85c      0x1d0 ../DevBoard_3D_CNC_hal_bsp/\libhal_bsp.a(alt_tick.o)
                0x0001c85c                alt_alarm_stop
                0x0001c920                alt_tick
 .text          0x0001ca2c      0x460 ../DevBoard_3D_CNC_hal_bsp/\libhal_bsp.a(altera_avalon_cfi_flash_amd.o)
                0x0001ca2c                alt_program_amd
                0x0001ca94                alt_erase_block_amd
 .text          0x0001ce8c      0x460 ../DevBoard_3D_CNC_hal_bsp/\libhal_bsp.a(altera_avalon_cfi_flash_intel.o)
                0x0001ce8c                alt_program_intel
                0x0001cf10                alt_erase_block_intel
 .text          0x0001d2ec       0x90 ../DevBoard_3D_CNC_hal_bsp/\libhal_bsp.a(alt_icache_flush.o)
                0x0001d2ec                alt_icache_flush
 .text          0x0001d37c       0x14 c:/altera/13.0sp1/nios2eds/bin/gnu/h-i686-mingw32/bin/../lib/gcc/nios2-elf/4.1.2/../../../../nios2-elf/lib\libc.a(lib_a-atexit.o)
                0x0001d37c                atexit
 .text          0x0001d390       0x38 c:/altera/13.0sp1/nios2eds/bin/gnu/h-i686-mingw32/bin/../lib/gcc/nios2-elf/4.1.2/../../../../nios2-elf/lib\libc.a(lib_a-exit.o)
                0x0001d390                exit
 .text          0x0001d3c8       0x74 c:/altera/13.0sp1/nios2eds/bin/gnu/h-i686-mingw32/bin/../lib/gcc/nios2-elf/4.1.2/../../../../nios2-elf/lib\libc.a(lib_a-memcmp.o)
                0x0001d3c8                memcmp
 .text          0x0001d43c      0x134 c:/altera/13.0sp1/nios2eds/bin/gnu/h-i686-mingw32/bin/../lib/gcc/nios2-elf/4.1.2/../../../../nios2-elf/lib\libc.a(lib_a-__atexit.o)
                0x0001d43c                __register_exitproc
 .text          0x0001d570      0x1b4 c:/altera/13.0sp1/nios2eds/bin/gnu/h-i686-mingw32/bin/../lib/gcc/nios2-elf/4.1.2/../../../../nios2-elf/lib\libc.a(lib_a-__call_atexit.o)
                0x0001d574                __call_exitprocs
 .text          0x0001d724       0x60 ../DevBoard_3D_CNC_hal_bsp/\libhal_bsp.a(alt_exit.o)
                0x0001d764                _exit
 *(.gnu.warning.*)
 *(.fini)
                0x0001d784                PROVIDE (__etext, ABSOLUTE (.))
                0x0001d784                PROVIDE (_etext, ABSOLUTE (.))
                0x0001d784                PROVIDE (etext, ABSOLUTE (.))
 *(.eh_frame_hdr)
                0x0001d784                . = ALIGN (0x4)
                0x0001d784                PROVIDE (__preinit_array_start, ABSOLUTE (.))
 *(.preinit_array)
                0x0001d784                PROVIDE (__preinit_array_end, ABSOLUTE (.))
                0x0001d784                PROVIDE (__init_array_start, ABSOLUTE (.))
 *(.init_array)
                0x0001d784                PROVIDE (__init_array_end, ABSOLUTE (.))
                0x0001d784                PROVIDE (__fini_array_start, ABSOLUTE (.))
 *(.fini_array)
                0x0001d784                PROVIDE (__fini_array_end, ABSOLUTE (.))
 *(.eh_frame)
 *(.gcc_except_table)
 *(.dynamic)
                0x0001d784                PROVIDE (__CTOR_LIST__, ABSOLUTE (.))
 *(.ctors)
 *(SORT(.ctors.*))
 .ctors.65535   0x0001d784        0x4 c:/altera/13.0sp1/nios2eds/bin/gnu/h-i686-mingw32/bin/../lib/gcc/nios2-elf/4.1.2/../../../../nios2-elf/lib\libc.a(lib_a-__call_atexit.o)
                0x0001d788                PROVIDE (__CTOR_END__, ABSOLUTE (.))
                0x0001d788                PROVIDE (__DTOR_LIST__, ABSOLUTE (.))
 *(.dtors)
 *(SORT(.dtors.*))
                0x0001d788                PROVIDE (__DTOR_END__, ABSOLUTE (.))
 *(.jcr)
                0x0001d788                . = ALIGN (0x4)

.rodata         0x0001d788      0x978
                0x0001d788                PROVIDE (__ram_rodata_start, ABSOLUTE (.))
                0x0001d788                . = ALIGN (0x4)
 *(.rodata .rodata.* .gnu.linkonce.r.*)
 .rodata        0x0001d788       0x44 obj/default/src/gcode_command.o
 .rodata        0x0001d7cc       0x8c obj/default/src/gcode_function.o
 .rodata        0x0001d858       0x24 obj/default/src/lcd.o
 .rodata        0x0001d87c       0x78 obj/default/src/main.o
 .rodata        0x0001d8f4      0x168 obj/default/src/mcode_function.o
 .rodata        0x0001da5c       0x14 c:/altera/13.0sp1/nios2eds/bin/gnu/h-i686-mingw32/bin/../lib/gcc/nios2-elf/4.1.2\libgcc.a(_thenan_df.o)
                0x0001da5c                __thenan_df
 .rodata        0x0001da70      0x100 c:/altera/13.0sp1/nios2eds/bin/gnu/h-i686-mingw32/bin/../lib/gcc/nios2-elf/4.1.2\libgcc.a(_clz.o)
                0x0001da70                __clz_tab
 .rodata.str1.4
                0x0001db70        0x2 c:/altera/13.0sp1/nios2eds/bin/gnu/h-i686-mingw32/bin/../lib/gcc/nios2-elf/4.1.2/../../../../nios2-elf/lib\libc.a(lib_a-impure.o)
                                  0x4 (size before relaxing)
 *fill*         0x0001db72        0x2 00
 .rodata.str1.4
                0x0001db74        0x2 c:/altera/13.0sp1/nios2eds/bin/gnu/h-i686-mingw32/bin/../lib/gcc/nios2-elf/4.1.2/../../../../nios2-elf/lib\libc.a(lib_a-puts.o)
                                  0x4 (size before relaxing)
 *fill*         0x0001db76        0x2 00
 .rodata.str1.4
                0x0001db78        0xf c:/altera/13.0sp1/nios2eds/bin/gnu/h-i686-mingw32/bin/../lib/gcc/nios2-elf/4.1.2/../../../../nios2-elf/lib\libc.a(lib_a-strtod.o)
                                 0x10 (size before relaxing)
 *fill*         0x0001db87        0x1 00
 .rodata        0x0001db88       0x28 c:/altera/13.0sp1/nios2eds/bin/gnu/h-i686-mingw32/bin/../lib/gcc/nios2-elf/4.1.2/../../../../nios2-elf/lib\libc.a(lib_a-strtod.o)
 .rodata.str1.4
                0x0001dbb0       0x5e c:/altera/13.0sp1/nios2eds/bin/gnu/h-i686-mingw32/bin/../lib/gcc/nios2-elf/4.1.2/../../../../nios2-elf/lib\libc.a(lib_a-vfprintf.o)
                                 0x60 (size before relaxing)
 .rodata        0x0001dc0e       0x20 c:/altera/13.0sp1/nios2eds/bin/gnu/h-i686-mingw32/bin/../lib/gcc/nios2-elf/4.1.2/../../../../nios2-elf/lib\libc.a(lib_a-vfprintf.o)
 *fill*         0x0001dc2e        0x2 00
 .rodata.str1.4
                0x0001dc30        0x5 c:/altera/13.0sp1/nios2eds/bin/gnu/h-i686-mingw32/bin/../lib/gcc/nios2-elf/4.1.2/../../../../nios2-elf/lib\libc.a(lib_a-vfscanf.o)
                                  0x8 (size before relaxing)
 *fill*         0x0001dc35        0x1 00
 .rodata        0x0001dc36       0x22 c:/altera/13.0sp1/nios2eds/bin/gnu/h-i686-mingw32/bin/../lib/gcc/nios2-elf/4.1.2/../../../../nios2-elf/lib\libc.a(lib_a-vfscanf.o)
 .rodata        0x0001dc58      0x281 c:/altera/13.0sp1/nios2eds/bin/gnu/h-i686-mingw32/bin/../lib/gcc/nios2-elf/4.1.2/../../../../nios2-elf/lib\libc.a(lib_a-ctype_.o)
                0x0001dc58                _ctype_
 *fill*         0x0001ded9        0x3 00
 .rodata.str1.4
                0x0001dedc       0x10 c:/altera/13.0sp1/nios2eds/bin/gnu/h-i686-mingw32/bin/../lib/gcc/nios2-elf/4.1.2/../../../../nios2-elf/lib\libc.a(lib_a-dtoa.o)
                                 0x14 (size before relaxing)
 .rodata.str1.4
                0x0001deec       0x1b c:/altera/13.0sp1/nios2eds/bin/gnu/h-i686-mingw32/bin/../lib/gcc/nios2-elf/4.1.2/../../../../nios2-elf/lib\libc.a(lib_a-gdtoa-gethex.o)
                                 0x1c (size before relaxing)
 *fill*         0x0001df07        0x1 00
 .rodata.str1.4
                0x0001df08       0x10 c:/altera/13.0sp1/nios2eds/bin/gnu/h-i686-mingw32/bin/../lib/gcc/nios2-elf/4.1.2/../../../../nios2-elf/lib\libc.a(lib_a-locale.o)
                                 0x18 (size before relaxing)
 .rodata        0x0001df18       0x30 c:/altera/13.0sp1/nios2eds/bin/gnu/h-i686-mingw32/bin/../lib/gcc/nios2-elf/4.1.2/../../../../nios2-elf/lib\libc.a(lib_a-locale.o)
 .rodata.str1.4
                0x00000000        0x4 c:/altera/13.0sp1/nios2eds/bin/gnu/h-i686-mingw32/bin/../lib/gcc/nios2-elf/4.1.2/../../../../nios2-elf/lib\libc.a(lib_a-mbrtowc.o)
 .rodata        0x0001df48      0x124 c:/altera/13.0sp1/nios2eds/bin/gnu/h-i686-mingw32/bin/../lib/gcc/nios2-elf/4.1.2/../../../../nios2-elf/lib\libc.a(lib_a-mprec.o)
                0x0001df48                __mprec_tens
                0x0001e010                __mprec_bigtens
                0x0001e038                __mprec_tinytens
 .rodata        0x0001e06c        0xc ../DevBoard_3D_CNC_hal_bsp/\libhal_bsp.a(alt_dev.o)
 .rodata        0x0001e078       0x10 ../DevBoard_3D_CNC_hal_bsp/\libhal_bsp.a(alt_main.o)
 .rodata        0x0001e088       0x58 ../DevBoard_3D_CNC_hal_bsp/\libhal_bsp.a(alt_sys_init.o)
 .rodata        0x0001e0e0       0x20 ../DevBoard_3D_CNC_hal_bsp/\libhal_bsp.a(altera_vic_irq_init.o)
 *(.rodata1)
                0x0001e100                . = ALIGN (0x4)
                0x0001e100                PROVIDE (__ram_rodata_end, ABSOLUTE (.))
                0x0001d788                PROVIDE (__flash_rodata_start, LOADADDR (.rodata))

.rwdata         0x0001e100     0x21cc load address 0x000202cc
                0x0001e100                PROVIDE (__ram_rwdata_start, ABSOLUTE (.))
                0x0001e100                . = ALIGN (0x4)
 *(.got.plt)
 *(.got)
 *(.data1)
 *(.data .data.* .gnu.linkonce.d.*)
 .data          0x0001e100        0x0 ../DevBoard_3D_CNC_hal_bsp//obj/HAL/src/crt0.o
 .data          0x0001e100        0x0 obj/default/src/DevBoard_3D_CNC.o
 .data          0x0001e100        0x0 obj/default/src/buffer_operation.o
 .data          0x0001e100        0x0 obj/default/src/gcode_command.o
 .data          0x0001e100       0x80 obj/default/src/gcode_function.o
                0x0001e100                g_command_array
 .data          0x0001e180        0x0 obj/default/src/kcode_function.o
 .data          0x0001e180        0x0 obj/default/src/lcd.o
 .data          0x0001e180      0x180 obj/default/src/main.o
                0x0001e180                HomeFeedRate_E
                0x0001e200                MaxFeedRate_E
                0x0001e280                MotorUnit_E
 .data          0x0001e300       0xd0 obj/default/src/mcode_function.o
                0x0001e300                m_command_array
 .data          0x0001e3d0       0x88 obj/default/src/tcode_function.o
                0x0001e3d0                t_command_array
 .data          0x0001e458        0x0 c:/altera/13.0sp1/nios2eds/bin/gnu/h-i686-mingw32/bin/../lib/gcc/nios2-elf/4.1.2/../../../../nios2-elf/lib\libm.a(lib_a-s_lround.o)
 .data          0x0001e458        0x0 c:/altera/13.0sp1/nios2eds/bin/gnu/h-i686-mingw32/bin/../lib/gcc/nios2-elf/4.1.2\libgcc.a(_fixunsdfsi.o)
 .data          0x0001e458        0x0 c:/altera/13.0sp1/nios2eds/bin/gnu/h-i686-mingw32/bin/../lib/gcc/nios2-elf/4.1.2\libgcc.a(_addsub_df.o)
 .data          0x0001e458        0x0 c:/altera/13.0sp1/nios2eds/bin/gnu/h-i686-mingw32/bin/../lib/gcc/nios2-elf/4.1.2\libgcc.a(_mul_df.o)
 .data          0x0001e458        0x0 c:/altera/13.0sp1/nios2eds/bin/gnu/h-i686-mingw32/bin/../lib/gcc/nios2-elf/4.1.2\libgcc.a(_div_df.o)
 .data          0x0001e458        0x0 c:/altera/13.0sp1/nios2eds/bin/gnu/h-i686-mingw32/bin/../lib/gcc/nios2-elf/4.1.2\libgcc.a(_eq_df.o)
 .data          0x0001e458        0x0 c:/altera/13.0sp1/nios2eds/bin/gnu/h-i686-mingw32/bin/../lib/gcc/nios2-elf/4.1.2\libgcc.a(_ne_df.o)
 .data          0x0001e458        0x0 c:/altera/13.0sp1/nios2eds/bin/gnu/h-i686-mingw32/bin/../lib/gcc/nios2-elf/4.1.2\libgcc.a(_ge_df.o)
 .data          0x0001e458        0x0 c:/altera/13.0sp1/nios2eds/bin/gnu/h-i686-mingw32/bin/../lib/gcc/nios2-elf/4.1.2\libgcc.a(_lt_df.o)
 .data          0x0001e458        0x0 c:/altera/13.0sp1/nios2eds/bin/gnu/h-i686-mingw32/bin/../lib/gcc/nios2-elf/4.1.2\libgcc.a(_si_to_df.o)
 .data          0x0001e458        0x0 c:/altera/13.0sp1/nios2eds/bin/gnu/h-i686-mingw32/bin/../lib/gcc/nios2-elf/4.1.2\libgcc.a(_df_to_si.o)
 .data          0x0001e458        0x0 c:/altera/13.0sp1/nios2eds/bin/gnu/h-i686-mingw32/bin/../lib/gcc/nios2-elf/4.1.2\libgcc.a(_thenan_df.o)
 .data          0x0001e458        0x0 c:/altera/13.0sp1/nios2eds/bin/gnu/h-i686-mingw32/bin/../lib/gcc/nios2-elf/4.1.2\libgcc.a(lib2-divmod.o)
 .data          0x0001e458        0x0 c:/altera/13.0sp1/nios2eds/bin/gnu/h-i686-mingw32/bin/../lib/gcc/nios2-elf/4.1.2\libgcc.a(_muldi3.o)
 .data          0x0001e458        0x0 c:/altera/13.0sp1/nios2eds/bin/gnu/h-i686-mingw32/bin/../lib/gcc/nios2-elf/4.1.2\libgcc.a(_clzsi2.o)
 .data          0x0001e458        0x0 c:/altera/13.0sp1/nios2eds/bin/gnu/h-i686-mingw32/bin/../lib/gcc/nios2-elf/4.1.2\libgcc.a(_pack_df.o)
 .data          0x0001e458        0x0 c:/altera/13.0sp1/nios2eds/bin/gnu/h-i686-mingw32/bin/../lib/gcc/nios2-elf/4.1.2\libgcc.a(_unpack_df.o)
 .data          0x0001e458        0x0 c:/altera/13.0sp1/nios2eds/bin/gnu/h-i686-mingw32/bin/../lib/gcc/nios2-elf/4.1.2\libgcc.a(_fpcmp_parts_df.o)
 .data          0x0001e458        0x0 c:/altera/13.0sp1/nios2eds/bin/gnu/h-i686-mingw32/bin/../lib/gcc/nios2-elf/4.1.2\libgcc.a(_clz.o)
 .data          0x0001e458        0x0 c:/altera/13.0sp1/nios2eds/bin/gnu/h-i686-mingw32/bin/../lib/gcc/nios2-elf/4.1.2/../../../../nios2-elf/lib\libc.a(lib_a-fclose.o)
 .data          0x0001e458        0x0 c:/altera/13.0sp1/nios2eds/bin/gnu/h-i686-mingw32/bin/../lib/gcc/nios2-elf/4.1.2/../../../../nios2-elf/lib\libc.a(lib_a-fflush.o)
 .data          0x0001e458        0x0 c:/altera/13.0sp1/nios2eds/bin/gnu/h-i686-mingw32/bin/../lib/gcc/nios2-elf/4.1.2/../../../../nios2-elf/lib\libc.a(lib_a-findfp.o)
 .data          0x0001e458        0x0 c:/altera/13.0sp1/nios2eds/bin/gnu/h-i686-mingw32/bin/../lib/gcc/nios2-elf/4.1.2/../../../../nios2-elf/lib\libc.a(lib_a-fopen.o)
 .data          0x0001e458        0x0 c:/altera/13.0sp1/nios2eds/bin/gnu/h-i686-mingw32/bin/../lib/gcc/nios2-elf/4.1.2/../../../../nios2-elf/lib\libc.a(lib_a-freer.o)
 .data          0x0001e458        0x0 c:/altera/13.0sp1/nios2eds/bin/gnu/h-i686-mingw32/bin/../lib/gcc/nios2-elf/4.1.2/../../../../nios2-elf/lib\libc.a(lib_a-fseek.o)
 .data          0x0001e458        0x0 c:/altera/13.0sp1/nios2eds/bin/gnu/h-i686-mingw32/bin/../lib/gcc/nios2-elf/4.1.2/../../../../nios2-elf/lib\libc.a(lib_a-fstatr.o)
 .data          0x0001e458        0x0 c:/altera/13.0sp1/nios2eds/bin/gnu/h-i686-mingw32/bin/../lib/gcc/nios2-elf/4.1.2/../../../../nios2-elf/lib\libc.a(lib_a-fwalk.o)
 .data          0x0001e458        0x0 c:/altera/13.0sp1/nios2eds/bin/gnu/h-i686-mingw32/bin/../lib/gcc/nios2-elf/4.1.2/../../../../nios2-elf/lib\libc.a(lib_a-fwrite.o)
 .data          0x0001e458      0x400 c:/altera/13.0sp1/nios2eds/bin/gnu/h-i686-mingw32/bin/../lib/gcc/nios2-elf/4.1.2/../../../../nios2-elf/lib\libc.a(lib_a-impure.o)
 .data          0x0001e858        0x0 c:/altera/13.0sp1/nios2eds/bin/gnu/h-i686-mingw32/bin/../lib/gcc/nios2-elf/4.1.2/../../../../nios2-elf/lib\libc.a(lib_a-int_errno.o)
 .data          0x0001e858        0x0 c:/altera/13.0sp1/nios2eds/bin/gnu/h-i686-mingw32/bin/../lib/gcc/nios2-elf/4.1.2/../../../../nios2-elf/lib\libc.a(lib_a-makebuf.o)
 .data          0x0001e858        0x0 c:/altera/13.0sp1/nios2eds/bin/gnu/h-i686-mingw32/bin/../lib/gcc/nios2-elf/4.1.2/../../../../nios2-elf/lib\libc.a(lib_a-malloc.o)
 .data          0x0001e858      0x408 c:/altera/13.0sp1/nios2eds/bin/gnu/h-i686-mingw32/bin/../lib/gcc/nios2-elf/4.1.2/../../../../nios2-elf/lib\libc.a(lib_a-mallocr.o)
                0x0001e858                __malloc_av_
 .data          0x0001ec60        0x0 c:/altera/13.0sp1/nios2eds/bin/gnu/h-i686-mingw32/bin/../lib/gcc/nios2-elf/4.1.2/../../../../nios2-elf/lib\libc.a(lib_a-memset.o)
 .data          0x0001ec60        0x0 c:/altera/13.0sp1/nios2eds/bin/gnu/h-i686-mingw32/bin/../lib/gcc/nios2-elf/4.1.2/../../../../nios2-elf/lib\libc.a(lib_a-openr.o)
 .data          0x0001ec60        0x0 c:/altera/13.0sp1/nios2eds/bin/gnu/h-i686-mingw32/bin/../lib/gcc/nios2-elf/4.1.2/../../../../nios2-elf/lib\libc.a(lib_a-printf.o)
 .data          0x0001ec60        0x0 c:/altera/13.0sp1/nios2eds/bin/gnu/h-i686-mingw32/bin/../lib/gcc/nios2-elf/4.1.2/../../../../nios2-elf/lib\libc.a(lib_a-putchar.o)
 .data          0x0001ec60        0x0 c:/altera/13.0sp1/nios2eds/bin/gnu/h-i686-mingw32/bin/../lib/gcc/nios2-elf/4.1.2/../../../../nios2-elf/lib\libc.a(lib_a-puts.o)
 .data          0x0001ec60        0x0 c:/altera/13.0sp1/nios2eds/bin/gnu/h-i686-mingw32/bin/../lib/gcc/nios2-elf/4.1.2/../../../../nios2-elf/lib\libc.a(lib_a-refill.o)
 .data          0x0001ec60        0x0 c:/altera/13.0sp1/nios2eds/bin/gnu/h-i686-mingw32/bin/../lib/gcc/nios2-elf/4.1.2/../../../../nios2-elf/lib\libc.a(lib_a-sbrkr.o)
 .data          0x0001ec60        0x0 c:/altera/13.0sp1/nios2eds/bin/gnu/h-i686-mingw32/bin/../lib/gcc/nios2-elf/4.1.2/../../../../nios2-elf/lib\libc.a(lib_a-sprintf.o)
 .data          0x0001ec60        0x0 c:/altera/13.0sp1/nios2eds/bin/gnu/h-i686-mingw32/bin/../lib/gcc/nios2-elf/4.1.2/../../../../nios2-elf/lib\libc.a(lib_a-sscanf.o)
 .data          0x0001ec60        0x0 c:/altera/13.0sp1/nios2eds/bin/gnu/h-i686-mingw32/bin/../lib/gcc/nios2-elf/4.1.2/../../../../nios2-elf/lib\libc.a(lib_a-stdio.o)
 .data          0x0001ec60        0x0 c:/altera/13.0sp1/nios2eds/bin/gnu/h-i686-mingw32/bin/../lib/gcc/nios2-elf/4.1.2/../../../../nios2-elf/lib\libc.a(lib_a-strchr.o)
 .data          0x0001ec60        0x0 c:/altera/13.0sp1/nios2eds/bin/gnu/h-i686-mingw32/bin/../lib/gcc/nios2-elf/4.1.2/../../../../nios2-elf/lib\libc.a(lib_a-strlen.o)
 .data          0x0001ec60       0x28 c:/altera/13.0sp1/nios2eds/bin/gnu/h-i686-mingw32/bin/../lib/gcc/nios2-elf/4.1.2/../../../../nios2-elf/lib\libc.a(lib_a-strtod.o)
 .data          0x0001ec88        0x0 c:/altera/13.0sp1/nios2eds/bin/gnu/h-i686-mingw32/bin/../lib/gcc/nios2-elf/4.1.2/../../../../nios2-elf/lib\libc.a(lib_a-strtol.o)
 .data          0x0001ec88        0x0 c:/altera/13.0sp1/nios2eds/bin/gnu/h-i686-mingw32/bin/../lib/gcc/nios2-elf/4.1.2/../../../../nios2-elf/lib\libc.a(lib_a-toupper.o)
 .data          0x0001ec88        0x0 c:/altera/13.0sp1/nios2eds/bin/gnu/h-i686-mingw32/bin/../lib/gcc/nios2-elf/4.1.2/../../../../nios2-elf/lib\libc.a(lib_a-vfprintf.o)
 .data          0x0001ec88        0x0 c:/altera/13.0sp1/nios2eds/bin/gnu/h-i686-mingw32/bin/../lib/gcc/nios2-elf/4.1.2/../../../../nios2-elf/lib\libc.a(lib_a-vfscanf.o)
 .data          0x0001ec88        0x0 c:/altera/13.0sp1/nios2eds/bin/gnu/h-i686-mingw32/bin/../lib/gcc/nios2-elf/4.1.2/../../../../nios2-elf/lib\libc.a(lib_a-writer.o)
 .data          0x0001ec88        0x0 c:/altera/13.0sp1/nios2eds/bin/gnu/h-i686-mingw32/bin/../lib/gcc/nios2-elf/4.1.2/../../../../nios2-elf/lib\libc.a(lib_a-wsetup.o)
 .data          0x0001ec88        0x0 c:/altera/13.0sp1/nios2eds/bin/gnu/h-i686-mingw32/bin/../lib/gcc/nios2-elf/4.1.2/../../../../nios2-elf/lib\libc.a(lib_a-closer.o)
 .data          0x0001ec88        0x0 c:/altera/13.0sp1/nios2eds/bin/gnu/h-i686-mingw32/bin/../lib/gcc/nios2-elf/4.1.2/../../../../nios2-elf/lib\libc.a(lib_a-ctype_.o)
 .data          0x0001ec88        0x0 c:/altera/13.0sp1/nios2eds/bin/gnu/h-i686-mingw32/bin/../lib/gcc/nios2-elf/4.1.2/../../../../nios2-elf/lib\libc.a(lib_a-dtoa.o)
 .data          0x0001ec88        0x0 c:/altera/13.0sp1/nios2eds/bin/gnu/h-i686-mingw32/bin/../lib/gcc/nios2-elf/4.1.2/../../../../nios2-elf/lib\libc.a(lib_a-flags.o)
 .data          0x0001ec88        0x0 c:/altera/13.0sp1/nios2eds/bin/gnu/h-i686-mingw32/bin/../lib/gcc/nios2-elf/4.1.2/../../../../nios2-elf/lib\libc.a(lib_a-fread.o)
 .data          0x0001ec88        0x0 c:/altera/13.0sp1/nios2eds/bin/gnu/h-i686-mingw32/bin/../lib/gcc/nios2-elf/4.1.2/../../../../nios2-elf/lib\libc.a(lib_a-fvwrite.o)
 .data          0x0001ec88        0x0 c:/altera/13.0sp1/nios2eds/bin/gnu/h-i686-mingw32/bin/../lib/gcc/nios2-elf/4.1.2/../../../../nios2-elf/lib\libc.a(lib_a-gdtoa-gethex.o)
 .data          0x0001ec88        0x0 c:/altera/13.0sp1/nios2eds/bin/gnu/h-i686-mingw32/bin/../lib/gcc/nios2-elf/4.1.2/../../../../nios2-elf/lib\libc.a(lib_a-gdtoa-hexnan.o)
 .data          0x0001ec88        0x0 c:/altera/13.0sp1/nios2eds/bin/gnu/h-i686-mingw32/bin/../lib/gcc/nios2-elf/4.1.2/../../../../nios2-elf/lib\libc.a(lib_a-isattyr.o)
 .data          0x0001ec88        0x0 c:/altera/13.0sp1/nios2eds/bin/gnu/h-i686-mingw32/bin/../lib/gcc/nios2-elf/4.1.2/../../../../nios2-elf/lib\libc.a(lib_a-iswspace.o)
 .data          0x0001ec88        0xc c:/altera/13.0sp1/nios2eds/bin/gnu/h-i686-mingw32/bin/../lib/gcc/nios2-elf/4.1.2/../../../../nios2-elf/lib\libc.a(lib_a-locale.o)
                0x0001ec88                __lc_ctype
 .data          0x0001ec94        0x0 c:/altera/13.0sp1/nios2eds/bin/gnu/h-i686-mingw32/bin/../lib/gcc/nios2-elf/4.1.2/../../../../nios2-elf/lib\libc.a(lib_a-lseekr.o)
 .data          0x0001ec94        0x0 c:/altera/13.0sp1/nios2eds/bin/gnu/h-i686-mingw32/bin/../lib/gcc/nios2-elf/4.1.2/../../../../nios2-elf/lib\libc.a(lib_a-mbrtowc.o)
 .data          0x0001ec94        0x0 c:/altera/13.0sp1/nios2eds/bin/gnu/h-i686-mingw32/bin/../lib/gcc/nios2-elf/4.1.2/../../../../nios2-elf/lib\libc.a(lib_a-mbtowc_r.o)
 .data          0x0001ec94        0x0 c:/altera/13.0sp1/nios2eds/bin/gnu/h-i686-mingw32/bin/../lib/gcc/nios2-elf/4.1.2/../../../../nios2-elf/lib\libc.a(lib_a-memchr.o)
 .data          0x0001ec94        0x0 c:/altera/13.0sp1/nios2eds/bin/gnu/h-i686-mingw32/bin/../lib/gcc/nios2-elf/4.1.2/../../../../nios2-elf/lib\libc.a(lib_a-memcpy.o)
 .data          0x0001ec94        0x0 c:/altera/13.0sp1/nios2eds/bin/gnu/h-i686-mingw32/bin/../lib/gcc/nios2-elf/4.1.2/../../../../nios2-elf/lib\libc.a(lib_a-memmove.o)
 .data          0x0001ec94        0x0 c:/altera/13.0sp1/nios2eds/bin/gnu/h-i686-mingw32/bin/../lib/gcc/nios2-elf/4.1.2/../../../../nios2-elf/lib\libc.a(lib_a-mprec.o)
 .data          0x0001ec94        0x0 c:/altera/13.0sp1/nios2eds/bin/gnu/h-i686-mingw32/bin/../lib/gcc/nios2-elf/4.1.2/../../../../nios2-elf/lib\libc.a(lib_a-putc.o)
 .data          0x0001ec94        0x0 c:/altera/13.0sp1/nios2eds/bin/gnu/h-i686-mingw32/bin/../lib/gcc/nios2-elf/4.1.2/../../../../nios2-elf/lib\libc.a(lib_a-readr.o)
 .data          0x0001ec94        0x0 c:/altera/13.0sp1/nios2eds/bin/gnu/h-i686-mingw32/bin/../lib/gcc/nios2-elf/4.1.2/../../../../nios2-elf/lib\libc.a(lib_a-reallocr.o)
 .data          0x0001ec94        0x0 c:/altera/13.0sp1/nios2eds/bin/gnu/h-i686-mingw32/bin/../lib/gcc/nios2-elf/4.1.2/../../../../nios2-elf/lib\libc.a(lib_a-s_isinfd.o)
 .data          0x0001ec94        0x0 c:/altera/13.0sp1/nios2eds/bin/gnu/h-i686-mingw32/bin/../lib/gcc/nios2-elf/4.1.2/../../../../nios2-elf/lib\libc.a(lib_a-s_isnand.o)
 .data          0x0001ec94        0x0 c:/altera/13.0sp1/nios2eds/bin/gnu/h-i686-mingw32/bin/../lib/gcc/nios2-elf/4.1.2/../../../../nios2-elf/lib\libc.a(lib_a-sccl.o)
 .data          0x0001ec94        0x0 c:/altera/13.0sp1/nios2eds/bin/gnu/h-i686-mingw32/bin/../lib/gcc/nios2-elf/4.1.2/../../../../nios2-elf/lib\libc.a(lib_a-sf_nan.o)
 .data          0x0001ec94        0x0 c:/altera/13.0sp1/nios2eds/bin/gnu/h-i686-mingw32/bin/../lib/gcc/nios2-elf/4.1.2/../../../../nios2-elf/lib\libc.a(lib_a-strcmp.o)
 .data          0x0001ec94        0x0 c:/altera/13.0sp1/nios2eds/bin/gnu/h-i686-mingw32/bin/../lib/gcc/nios2-elf/4.1.2/../../../../nios2-elf/lib\libc.a(lib_a-strtoll_r.o)
 .data          0x0001ec94        0x0 c:/altera/13.0sp1/nios2eds/bin/gnu/h-i686-mingw32/bin/../lib/gcc/nios2-elf/4.1.2/../../../../nios2-elf/lib\libc.a(lib_a-strtoul.o)
 .data          0x0001ec94        0x0 c:/altera/13.0sp1/nios2eds/bin/gnu/h-i686-mingw32/bin/../lib/gcc/nios2-elf/4.1.2/../../../../nios2-elf/lib\libc.a(lib_a-strtoull_r.o)
 .data          0x0001ec94        0x0 c:/altera/13.0sp1/nios2eds/bin/gnu/h-i686-mingw32/bin/../lib/gcc/nios2-elf/4.1.2/../../../../nios2-elf/lib\libc.a(lib_a-ungetc.o)
 .data          0x0001ec94        0x0 c:/altera/13.0sp1/nios2eds/bin/gnu/h-i686-mingw32/bin/../lib/gcc/nios2-elf/4.1.2/../../../../nios2-elf/lib\libc.a(lib_a-wbuf.o)
 .data          0x0001ec94        0x0 c:/altera/13.0sp1/nios2eds/bin/gnu/h-i686-mingw32/bin/../lib/gcc/nios2-elf/4.1.2/../../../../nios2-elf/lib\libc.a(lib_a-callocr.o)
 .data          0x0001ec94        0x0 c:/altera/13.0sp1/nios2eds/bin/gnu/h-i686-mingw32/bin/../lib/gcc/nios2-elf/4.1.2\libgcc.a(_udivdi3.o)
 .data          0x0001ec94        0x0 c:/altera/13.0sp1/nios2eds/bin/gnu/h-i686-mingw32/bin/../lib/gcc/nios2-elf/4.1.2\libgcc.a(_umoddi3.o)
 .data          0x0001ec94        0x0 c:/altera/13.0sp1/nios2eds/bin/gnu/h-i686-mingw32/bin/../lib/gcc/nios2-elf/4.1.2\libgcc.a(_ne_sf.o)
 .data          0x0001ec94        0x0 c:/altera/13.0sp1/nios2eds/bin/gnu/h-i686-mingw32/bin/../lib/gcc/nios2-elf/4.1.2\libgcc.a(_gt_sf.o)
 .data          0x0001ec94        0x0 c:/altera/13.0sp1/nios2eds/bin/gnu/h-i686-mingw32/bin/../lib/gcc/nios2-elf/4.1.2\libgcc.a(_lt_sf.o)
 .data          0x0001ec94        0x0 c:/altera/13.0sp1/nios2eds/bin/gnu/h-i686-mingw32/bin/../lib/gcc/nios2-elf/4.1.2\libgcc.a(_gt_df.o)
 .data          0x0001ec94        0x0 c:/altera/13.0sp1/nios2eds/bin/gnu/h-i686-mingw32/bin/../lib/gcc/nios2-elf/4.1.2\libgcc.a(_le_df.o)
 .data          0x0001ec94        0x0 c:/altera/13.0sp1/nios2eds/bin/gnu/h-i686-mingw32/bin/../lib/gcc/nios2-elf/4.1.2\libgcc.a(_df_to_sf.o)
 .data          0x0001ec94        0x0 c:/altera/13.0sp1/nios2eds/bin/gnu/h-i686-mingw32/bin/../lib/gcc/nios2-elf/4.1.2\libgcc.a(_usi_to_df.o)
 .data          0x0001ec94        0x0 c:/altera/13.0sp1/nios2eds/bin/gnu/h-i686-mingw32/bin/../lib/gcc/nios2-elf/4.1.2\libgcc.a(_unpack_sf.o)
 .data          0x0001ec94        0x0 c:/altera/13.0sp1/nios2eds/bin/gnu/h-i686-mingw32/bin/../lib/gcc/nios2-elf/4.1.2\libgcc.a(_fpcmp_parts_sf.o)
 .data          0x0001ec94        0x0 c:/altera/13.0sp1/nios2eds/bin/gnu/h-i686-mingw32/bin/../lib/gcc/nios2-elf/4.1.2\libgcc.a(_make_sf.o)
 .data          0x0001ec94        0x0 c:/altera/13.0sp1/nios2eds/bin/gnu/h-i686-mingw32/bin/../lib/gcc/nios2-elf/4.1.2\libgcc.a(_pack_sf.o)
 .data          0x0001ec94        0x0 ../DevBoard_3D_CNC_hal_bsp/\libhal_bsp.a(alt_close.o)
 .data          0x0001ec94      0x1a8 ../DevBoard_3D_CNC_hal_bsp/\libhal_bsp.a(alt_dev.o)
                0x0001ec94                alt_dev_null
                0x0001ecbc                alt_fd_list
 .data          0x0001ee3c        0x0 ../DevBoard_3D_CNC_hal_bsp/\libhal_bsp.a(alt_errno.o)
 .data          0x0001ee3c        0x0 ../DevBoard_3D_CNC_hal_bsp/\libhal_bsp.a(alt_fstat.o)
 .data          0x0001ee3c        0x0 ../DevBoard_3D_CNC_hal_bsp/\libhal_bsp.a(alt_isatty.o)
 .data          0x0001ee3c        0x0 ../DevBoard_3D_CNC_hal_bsp/\libhal_bsp.a(alt_load.o)
 .data          0x0001ee3c        0x0 ../DevBoard_3D_CNC_hal_bsp/\libhal_bsp.a(alt_lseek.o)
 .data          0x0001ee3c        0x0 ../DevBoard_3D_CNC_hal_bsp/\libhal_bsp.a(alt_main.o)
 .data          0x0001ee3c        0x0 ../DevBoard_3D_CNC_hal_bsp/\libhal_bsp.a(alt_malloc_lock.o)
 .data          0x0001ee3c        0x0 ../DevBoard_3D_CNC_hal_bsp/\libhal_bsp.a(alt_open.o)
 .data          0x0001ee3c        0x0 ../DevBoard_3D_CNC_hal_bsp/\libhal_bsp.a(alt_read.o)
 .data          0x0001ee3c        0x0 ../DevBoard_3D_CNC_hal_bsp/\libhal_bsp.a(alt_release_fd.o)
 .data          0x0001ee3c        0x0 ../DevBoard_3D_CNC_hal_bsp/\libhal_bsp.a(alt_sbrk.o)
 .data          0x0001ee3c        0x0 ../DevBoard_3D_CNC_hal_bsp/\libhal_bsp.a(alt_usleep.o)
 .data          0x0001ee3c        0x0 ../DevBoard_3D_CNC_hal_bsp/\libhal_bsp.a(alt_write.o)
 .data          0x0001ee3c     0x13ec ../DevBoard_3D_CNC_hal_bsp/\libhal_bsp.a(alt_sys_init.o)
 .data          0x00020228        0x0 ../DevBoard_3D_CNC_hal_bsp/\libhal_bsp.a(altera_avalon_cfi_flash.o)
 .data          0x00020228        0x0 ../DevBoard_3D_CNC_hal_bsp/\libhal_bsp.a(altera_avalon_cfi_flash_table.o)
 .data          0x00020228        0x0 ../DevBoard_3D_CNC_hal_bsp/\libhal_bsp.a(altera_avalon_jtag_uart_fd.o)
 .data          0x00020228        0x0 ../DevBoard_3D_CNC_hal_bsp/\libhal_bsp.a(altera_avalon_jtag_uart_init.o)
 .data          0x00020228        0x0 ../DevBoard_3D_CNC_hal_bsp/\libhal_bsp.a(altera_avalon_jtag_uart_ioctl.o)
 .data          0x00020228        0x0 ../DevBoard_3D_CNC_hal_bsp/\libhal_bsp.a(altera_avalon_jtag_uart_read.o)
 .data          0x00020228        0x0 ../DevBoard_3D_CNC_hal_bsp/\libhal_bsp.a(altera_avalon_jtag_uart_write.o)
 .data          0x00020228        0x0 ../DevBoard_3D_CNC_hal_bsp/\libhal_bsp.a(altera_avalon_lcd_16207.o)
 .data          0x00020228        0x0 ../DevBoard_3D_CNC_hal_bsp/\libhal_bsp.a(altera_avalon_lcd_16207_fd.o)
 .data          0x00020228        0x0 ../DevBoard_3D_CNC_hal_bsp/\libhal_bsp.a(altera_avalon_mutex.o)
 .data          0x00020228        0x0 ../DevBoard_3D_CNC_hal_bsp/\libhal_bsp.a(altera_avalon_timer_sc.o)
 .data          0x00020228        0x0 ../DevBoard_3D_CNC_hal_bsp/\libhal_bsp.a(altera_avalon_timer_vars.o)
 .data          0x00020228        0x0 ../DevBoard_3D_CNC_hal_bsp/\libhal_bsp.a(altera_avalon_uart_fd.o)
 .data          0x00020228        0x0 ../DevBoard_3D_CNC_hal_bsp/\libhal_bsp.a(altera_avalon_uart_init.o)
 .data          0x00020228        0x0 ../DevBoard_3D_CNC_hal_bsp/\libhal_bsp.a(altera_avalon_uart_ioctl.o)
 .data          0x00020228        0x0 ../DevBoard_3D_CNC_hal_bsp/\libhal_bsp.a(altera_avalon_uart_read.o)
 .data          0x00020228        0x0 ../DevBoard_3D_CNC_hal_bsp/\libhal_bsp.a(altera_avalon_uart_write.o)
 .data          0x00020228        0x0 ../DevBoard_3D_CNC_hal_bsp/\libhal_bsp.a(altera_interrupt_vector_tbl.o)
 .data          0x00020228        0x0 ../DevBoard_3D_CNC_hal_bsp/\libhal_bsp.a(altera_vic_funnel_non_preemptive.o)
 .data          0x00020228        0x0 ../DevBoard_3D_CNC_hal_bsp/\libhal_bsp.a(altera_vic_irq_init.o)
 .data          0x00020228        0x0 ../DevBoard_3D_CNC_hal_bsp/\libhal_bsp.a(altera_vic_isr_register.o)
 .data          0x00020228        0x0 ../DevBoard_3D_CNC_hal_bsp/\libhal_bsp.a(alt_alarm_start.o)
 .data          0x00020228        0x0 ../DevBoard_3D_CNC_hal_bsp/\libhal_bsp.a(alt_busy_sleep.o)
 .data          0x00020228        0x0 ../DevBoard_3D_CNC_hal_bsp/\libhal_bsp.a(alt_dcache_flush.o)
 .data          0x00020228        0x0 ../DevBoard_3D_CNC_hal_bsp/\libhal_bsp.a(alt_dcache_flush_all.o)
 .data          0x00020228        0x0 ../DevBoard_3D_CNC_hal_bsp/\libhal_bsp.a(alt_dev_llist_insert.o)
 .data          0x00020228        0x0 ../DevBoard_3D_CNC_hal_bsp/\libhal_bsp.a(alt_do_ctors.o)
 .data          0x00020228        0x0 ../DevBoard_3D_CNC_hal_bsp/\libhal_bsp.a(alt_do_dtors.o)
 .data          0x00020228        0x0 ../DevBoard_3D_CNC_hal_bsp/\libhal_bsp.a(alt_find_dev.o)
 .data          0x00020228        0x0 ../DevBoard_3D_CNC_hal_bsp/\libhal_bsp.a(alt_find_file.o)
 .data          0x00020228        0x0 ../DevBoard_3D_CNC_hal_bsp/\libhal_bsp.a(alt_flash_dev.o)
 .data          0x00020228        0x0 ../DevBoard_3D_CNC_hal_bsp/\libhal_bsp.a(alt_get_fd.o)
 .data          0x00020228        0x0 ../DevBoard_3D_CNC_hal_bsp/\libhal_bsp.a(alt_icache_flush_all.o)
 .data          0x00020228        0x0 ../DevBoard_3D_CNC_hal_bsp/\libhal_bsp.a(alt_io_redirect.o)
 .data          0x00020228        0x0 ../DevBoard_3D_CNC_hal_bsp/\libhal_bsp.a(alt_tick.o)
 .data          0x00020228        0x0 ../DevBoard_3D_CNC_hal_bsp/\libhal_bsp.a(altera_avalon_cfi_flash_amd.o)
 .data          0x00020228        0x0 ../DevBoard_3D_CNC_hal_bsp/\libhal_bsp.a(altera_avalon_cfi_flash_intel.o)
 .data          0x00020228        0x0 ../DevBoard_3D_CNC_hal_bsp/\libhal_bsp.a(alt_icache_flush.o)
 .data          0x00020228        0x0 c:/altera/13.0sp1/nios2eds/bin/gnu/h-i686-mingw32/bin/../lib/gcc/nios2-elf/4.1.2/../../../../nios2-elf/lib\libc.a(lib_a-atexit.o)
 .data          0x00020228        0x0 c:/altera/13.0sp1/nios2eds/bin/gnu/h-i686-mingw32/bin/../lib/gcc/nios2-elf/4.1.2/../../../../nios2-elf/lib\libc.a(lib_a-exit.o)
 .data          0x00020228        0x0 c:/altera/13.0sp1/nios2eds/bin/gnu/h-i686-mingw32/bin/../lib/gcc/nios2-elf/4.1.2/../../../../nios2-elf/lib\libc.a(lib_a-memcmp.o)
 .data          0x00020228        0x0 c:/altera/13.0sp1/nios2eds/bin/gnu/h-i686-mingw32/bin/../lib/gcc/nios2-elf/4.1.2/../../../../nios2-elf/lib\libc.a(lib_a-__atexit.o)
 .data          0x00020228        0x0 c:/altera/13.0sp1/nios2eds/bin/gnu/h-i686-mingw32/bin/../lib/gcc/nios2-elf/4.1.2/../../../../nios2-elf/lib\libc.a(lib_a-__call_atexit.o)
 .data          0x00020228        0x0 ../DevBoard_3D_CNC_hal_bsp/\libhal_bsp.a(alt_exit.o)
                0x00028228                _gp = ABSOLUTE ((. + 0x8000))
                0x00028228                PROVIDE (gp, _gp)
 *(.rwdata .rwdata.*)
 *(.sdata .sdata.* .gnu.linkonce.s.*)
 .sdata         0x00020228        0x8 obj/default/src/gcode_command.o
 .sdata         0x00020230       0x48 obj/default/src/main.o
                0x00020230                HomeFeedRate_X
                0x00020238                HomeFeedRate_Y
                0x00020240                HomeFeedRate_Z
                0x00020248                MaxFeedRate_X
                0x00020250                MaxFeedRate_Y
                0x00020258                MaxFeedRate_Z
                0x00020260                MotorUnit_X
                0x00020268                MotorUnit_Y
                0x00020270                MotorUnit_Z
 .sdata         0x00020278        0x8 c:/altera/13.0sp1/nios2eds/bin/gnu/h-i686-mingw32/bin/../lib/gcc/nios2-elf/4.1.2/../../../../nios2-elf/lib\libc.a(lib_a-impure.o)
                0x00020278                _impure_ptr
                0x0002027c                _global_impure_ptr
 .sdata         0x00020280        0x8 c:/altera/13.0sp1/nios2eds/bin/gnu/h-i686-mingw32/bin/../lib/gcc/nios2-elf/4.1.2/../../../../nios2-elf/lib\libc.a(lib_a-mallocr.o)
                0x00020280                __malloc_trim_threshold
                0x00020284                __malloc_sbrk_base
 .sdata         0x00020288        0x4 c:/altera/13.0sp1/nios2eds/bin/gnu/h-i686-mingw32/bin/../lib/gcc/nios2-elf/4.1.2/../../../../nios2-elf/lib\libc.a(lib_a-ctype_.o)
                0x00020288                __ctype_ptr
 .sdata         0x0002028c        0x8 c:/altera/13.0sp1/nios2eds/bin/gnu/h-i686-mingw32/bin/../lib/gcc/nios2-elf/4.1.2/../../../../nios2-elf/lib\libc.a(lib_a-locale.o)
                0x0002028c                __mb_cur_max
 .sdata         0x00020294       0x14 ../DevBoard_3D_CNC_hal_bsp/\libhal_bsp.a(alt_dev.o)
                0x00020294                alt_fs_list
                0x0002029c                alt_dev_list
                0x000202a4                alt_max_fd
 .sdata         0x000202a8        0x4 ../DevBoard_3D_CNC_hal_bsp/\libhal_bsp.a(alt_errno.o)
                0x000202a8                alt_errno
 .sdata         0x000202ac        0x4 ../DevBoard_3D_CNC_hal_bsp/\libhal_bsp.a(alt_sbrk.o)
 .sdata         0x000202b0        0x4 ../DevBoard_3D_CNC_hal_bsp/\libhal_bsp.a(altera_avalon_lcd_16207.o)
 .sdata         0x000202b4        0x8 ../DevBoard_3D_CNC_hal_bsp/\libhal_bsp.a(altera_avalon_mutex.o)
                0x000202b4                alt_mutex_list
 .sdata         0x000202bc        0x8 ../DevBoard_3D_CNC_hal_bsp/\libhal_bsp.a(alt_flash_dev.o)
                0x000202bc                alt_flash_dev_list
 .sdata         0x000202c4        0x8 ../DevBoard_3D_CNC_hal_bsp/\libhal_bsp.a(alt_tick.o)
                0x000202c4                alt_alarm_list
 *(.sdata2 .sdata2.* .gnu.linkonce.s2.*)
                0x000202cc                . = ALIGN (0x4)
                0x000202cc                _edata = ABSOLUTE (.)
                0x000202cc                PROVIDE (edata, ABSOLUTE (.))
                0x000202cc                PROVIDE (__ram_rwdata_end, ABSOLUTE (.))
                0x000202cc                PROVIDE (__flash_rwdata_start, LOADADDR (.rwdata))

.bss            0x00022498      0x524
                0x00022498                __bss_start = ABSOLUTE (.)
                0x00022498                PROVIDE (__sbss_start, ABSOLUTE (.))
                0x00022498                PROVIDE (___sbss_start, ABSOLUTE (.))
 *(.dynsbss)
 *(.sbss .sbss.* .gnu.linkonce.sb.*)
 .sbss          0x00022498       0x14 obj/default/src/buffer_operation.o
                0x000224a8                buffer_mutex
 .sbss          0x000224ac        0x4 obj/default/src/gcode_command.o
                0x000224ac                gcode_command_index
 .sbss          0x000224b0        0x4 obj/default/src/gcode_function.o
 .sbss          0x000224b4        0x8 obj/default/src/kcode_function.o
                0x000224b4                k_command_array
 .sbss          0x000224bc        0x4 obj/default/src/lcd.o
 .sbss          0x000224c0        0x4 obj/default/src/main.o
                0x000224c0                gcode_uart
 .sbss          0x000224c4        0x4 obj/default/src/mcode_function.o
                0x000224c4                ExtruderAbsolute
 .sbss          0x000224c8        0x4 c:/altera/13.0sp1/nios2eds/bin/gnu/h-i686-mingw32/bin/../lib/gcc/nios2-elf/4.1.2/../../../../nios2-elf/lib\libc.a(lib_a-int_errno.o)
                0x000224c8                errno
 .sbss          0x000224cc        0xc c:/altera/13.0sp1/nios2eds/bin/gnu/h-i686-mingw32/bin/../lib/gcc/nios2-elf/4.1.2/../../../../nios2-elf/lib\libc.a(lib_a-mallocr.o)
                0x000224cc                __malloc_top_pad
                0x000224d0                __malloc_max_sbrked_mem
                0x000224d4                __malloc_max_total_mem
 .sbss          0x000224d8        0xc c:/altera/13.0sp1/nios2eds/bin/gnu/h-i686-mingw32/bin/../lib/gcc/nios2-elf/4.1.2/../../../../nios2-elf/lib\libc.a(lib_a-locale.o)
                0x000224d8                __nlocale_changed
                0x000224dc                __mlocale_changed
                0x000224e0                _PathLocale
 .sbss          0x000224e4        0xc ../DevBoard_3D_CNC_hal_bsp/\libhal_bsp.a(alt_main.o)
                0x000224e4                alt_argc
                0x000224e8                alt_argv
                0x000224ec                alt_envp
 .sbss          0x000224f0        0x8 ../DevBoard_3D_CNC_hal_bsp/\libhal_bsp.a(altera_avalon_timer_vars.o)
                0x000224f0                altera_avalon_timer_ts_base
                0x000224f4                altera_avalon_timer_ts_freq
 .sbss          0x000224f8        0x4 ../DevBoard_3D_CNC_hal_bsp/\libhal_bsp.a(altera_vic_irq_init.o)
                0x000224f8                alt_vic_dev_list
 .sbss          0x000224fc        0x8 ../DevBoard_3D_CNC_hal_bsp/\libhal_bsp.a(alt_tick.o)
                0x000224fc                _alt_tick_rate
                0x00022500                _alt_nticks
 *(.sbss2 .sbss2.* .gnu.linkonce.sb2.*)
 *(.scommon)
                0x00022504                PROVIDE (__sbss_end, ABSOLUTE (.))
                0x00022504                PROVIDE (___sbss_end, ABSOLUTE (.))
 *(.dynbss)
 *(.bss .bss.* .gnu.linkonce.b.*)
 .bss           0x00022504        0x0 ../DevBoard_3D_CNC_hal_bsp//obj/HAL/src/crt0.o
 .bss           0x00022504        0x0 obj/default/src/DevBoard_3D_CNC.o
 .bss           0x00022504        0x0 obj/default/src/buffer_operation.o
 .bss           0x00022504        0x0 obj/default/src/gcode_command.o
 .bss           0x00022504        0x0 obj/default/src/gcode_function.o
 .bss           0x00022504        0x0 obj/default/src/kcode_function.o
 .bss           0x00022504        0x0 obj/default/src/lcd.o
 .bss           0x00022504        0x0 obj/default/src/main.o
 .bss           0x00022504        0x0 obj/default/src/mcode_function.o
 .bss           0x00022504        0x0 obj/default/src/tcode_function.o
 .bss           0x00022504        0x0 c:/altera/13.0sp1/nios2eds/bin/gnu/h-i686-mingw32/bin/../lib/gcc/nios2-elf/4.1.2/../../../../nios2-elf/lib\libm.a(lib_a-s_lround.o)
 .bss           0x00022504        0x0 c:/altera/13.0sp1/nios2eds/bin/gnu/h-i686-mingw32/bin/../lib/gcc/nios2-elf/4.1.2\libgcc.a(_fixunsdfsi.o)
 .bss           0x00022504        0x0 c:/altera/13.0sp1/nios2eds/bin/gnu/h-i686-mingw32/bin/../lib/gcc/nios2-elf/4.1.2\libgcc.a(_addsub_df.o)
 .bss           0x00022504        0x0 c:/altera/13.0sp1/nios2eds/bin/gnu/h-i686-mingw32/bin/../lib/gcc/nios2-elf/4.1.2\libgcc.a(_mul_df.o)
 .bss           0x00022504        0x0 c:/altera/13.0sp1/nios2eds/bin/gnu/h-i686-mingw32/bin/../lib/gcc/nios2-elf/4.1.2\libgcc.a(_div_df.o)
 .bss           0x00022504        0x0 c:/altera/13.0sp1/nios2eds/bin/gnu/h-i686-mingw32/bin/../lib/gcc/nios2-elf/4.1.2\libgcc.a(_eq_df.o)
 .bss           0x00022504        0x0 c:/altera/13.0sp1/nios2eds/bin/gnu/h-i686-mingw32/bin/../lib/gcc/nios2-elf/4.1.2\libgcc.a(_ne_df.o)
 .bss           0x00022504        0x0 c:/altera/13.0sp1/nios2eds/bin/gnu/h-i686-mingw32/bin/../lib/gcc/nios2-elf/4.1.2\libgcc.a(_ge_df.o)
 .bss           0x00022504        0x0 c:/altera/13.0sp1/nios2eds/bin/gnu/h-i686-mingw32/bin/../lib/gcc/nios2-elf/4.1.2\libgcc.a(_lt_df.o)
 .bss           0x00022504        0x0 c:/altera/13.0sp1/nios2eds/bin/gnu/h-i686-mingw32/bin/../lib/gcc/nios2-elf/4.1.2\libgcc.a(_si_to_df.o)
 .bss           0x00022504        0x0 c:/altera/13.0sp1/nios2eds/bin/gnu/h-i686-mingw32/bin/../lib/gcc/nios2-elf/4.1.2\libgcc.a(_df_to_si.o)
 .bss           0x00022504        0x0 c:/altera/13.0sp1/nios2eds/bin/gnu/h-i686-mingw32/bin/../lib/gcc/nios2-elf/4.1.2\libgcc.a(_thenan_df.o)
 .bss           0x00022504        0x0 c:/altera/13.0sp1/nios2eds/bin/gnu/h-i686-mingw32/bin/../lib/gcc/nios2-elf/4.1.2\libgcc.a(lib2-divmod.o)
 .bss           0x00022504        0x0 c:/altera/13.0sp1/nios2eds/bin/gnu/h-i686-mingw32/bin/../lib/gcc/nios2-elf/4.1.2\libgcc.a(_muldi3.o)
 .bss           0x00022504        0x0 c:/altera/13.0sp1/nios2eds/bin/gnu/h-i686-mingw32/bin/../lib/gcc/nios2-elf/4.1.2\libgcc.a(_clzsi2.o)
 .bss           0x00022504        0x0 c:/altera/13.0sp1/nios2eds/bin/gnu/h-i686-mingw32/bin/../lib/gcc/nios2-elf/4.1.2\libgcc.a(_pack_df.o)
 .bss           0x00022504        0x0 c:/altera/13.0sp1/nios2eds/bin/gnu/h-i686-mingw32/bin/../lib/gcc/nios2-elf/4.1.2\libgcc.a(_unpack_df.o)
 .bss           0x00022504        0x0 c:/altera/13.0sp1/nios2eds/bin/gnu/h-i686-mingw32/bin/../lib/gcc/nios2-elf/4.1.2\libgcc.a(_fpcmp_parts_df.o)
 .bss           0x00022504        0x0 c:/altera/13.0sp1/nios2eds/bin/gnu/h-i686-mingw32/bin/../lib/gcc/nios2-elf/4.1.2\libgcc.a(_clz.o)
 .bss           0x00022504        0x0 c:/altera/13.0sp1/nios2eds/bin/gnu/h-i686-mingw32/bin/../lib/gcc/nios2-elf/4.1.2/../../../../nios2-elf/lib\libc.a(lib_a-fclose.o)
 .bss           0x00022504        0x0 c:/altera/13.0sp1/nios2eds/bin/gnu/h-i686-mingw32/bin/../lib/gcc/nios2-elf/4.1.2/../../../../nios2-elf/lib\libc.a(lib_a-fflush.o)
 .bss           0x00022504        0x0 c:/altera/13.0sp1/nios2eds/bin/gnu/h-i686-mingw32/bin/../lib/gcc/nios2-elf/4.1.2/../../../../nios2-elf/lib\libc.a(lib_a-findfp.o)
 .bss           0x00022504        0x0 c:/altera/13.0sp1/nios2eds/bin/gnu/h-i686-mingw32/bin/../lib/gcc/nios2-elf/4.1.2/../../../../nios2-elf/lib\libc.a(lib_a-fopen.o)
 .bss           0x00022504        0x0 c:/altera/13.0sp1/nios2eds/bin/gnu/h-i686-mingw32/bin/../lib/gcc/nios2-elf/4.1.2/../../../../nios2-elf/lib\libc.a(lib_a-freer.o)
 .bss           0x00022504        0x0 c:/altera/13.0sp1/nios2eds/bin/gnu/h-i686-mingw32/bin/../lib/gcc/nios2-elf/4.1.2/../../../../nios2-elf/lib\libc.a(lib_a-fseek.o)
 .bss           0x00022504        0x0 c:/altera/13.0sp1/nios2eds/bin/gnu/h-i686-mingw32/bin/../lib/gcc/nios2-elf/4.1.2/../../../../nios2-elf/lib\libc.a(lib_a-fstatr.o)
 .bss           0x00022504        0x0 c:/altera/13.0sp1/nios2eds/bin/gnu/h-i686-mingw32/bin/../lib/gcc/nios2-elf/4.1.2/../../../../nios2-elf/lib\libc.a(lib_a-fwalk.o)
 .bss           0x00022504        0x0 c:/altera/13.0sp1/nios2eds/bin/gnu/h-i686-mingw32/bin/../lib/gcc/nios2-elf/4.1.2/../../../../nios2-elf/lib\libc.a(lib_a-fwrite.o)
 .bss           0x00022504        0x0 c:/altera/13.0sp1/nios2eds/bin/gnu/h-i686-mingw32/bin/../lib/gcc/nios2-elf/4.1.2/../../../../nios2-elf/lib\libc.a(lib_a-impure.o)
 .bss           0x00022504        0x0 c:/altera/13.0sp1/nios2eds/bin/gnu/h-i686-mingw32/bin/../lib/gcc/nios2-elf/4.1.2/../../../../nios2-elf/lib\libc.a(lib_a-int_errno.o)
 .bss           0x00022504        0x0 c:/altera/13.0sp1/nios2eds/bin/gnu/h-i686-mingw32/bin/../lib/gcc/nios2-elf/4.1.2/../../../../nios2-elf/lib\libc.a(lib_a-makebuf.o)
 .bss           0x00022504        0x0 c:/altera/13.0sp1/nios2eds/bin/gnu/h-i686-mingw32/bin/../lib/gcc/nios2-elf/4.1.2/../../../../nios2-elf/lib\libc.a(lib_a-malloc.o)
 .bss           0x00022504       0x28 c:/altera/13.0sp1/nios2eds/bin/gnu/h-i686-mingw32/bin/../lib/gcc/nios2-elf/4.1.2/../../../../nios2-elf/lib\libc.a(lib_a-mallocr.o)
                0x00022504                __malloc_current_mallinfo
 .bss           0x0002252c        0x0 c:/altera/13.0sp1/nios2eds/bin/gnu/h-i686-mingw32/bin/../lib/gcc/nios2-elf/4.1.2/../../../../nios2-elf/lib\libc.a(lib_a-memset.o)
 .bss           0x0002252c        0x0 c:/altera/13.0sp1/nios2eds/bin/gnu/h-i686-mingw32/bin/../lib/gcc/nios2-elf/4.1.2/../../../../nios2-elf/lib\libc.a(lib_a-openr.o)
 .bss           0x0002252c        0x0 c:/altera/13.0sp1/nios2eds/bin/gnu/h-i686-mingw32/bin/../lib/gcc/nios2-elf/4.1.2/../../../../nios2-elf/lib\libc.a(lib_a-printf.o)
 .bss           0x0002252c        0x0 c:/altera/13.0sp1/nios2eds/bin/gnu/h-i686-mingw32/bin/../lib/gcc/nios2-elf/4.1.2/../../../../nios2-elf/lib\libc.a(lib_a-putchar.o)
 .bss           0x0002252c        0x0 c:/altera/13.0sp1/nios2eds/bin/gnu/h-i686-mingw32/bin/../lib/gcc/nios2-elf/4.1.2/../../../../nios2-elf/lib\libc.a(lib_a-puts.o)
 .bss           0x0002252c        0x0 c:/altera/13.0sp1/nios2eds/bin/gnu/h-i686-mingw32/bin/../lib/gcc/nios2-elf/4.1.2/../../../../nios2-elf/lib\libc.a(lib_a-refill.o)
 .bss           0x0002252c        0x0 c:/altera/13.0sp1/nios2eds/bin/gnu/h-i686-mingw32/bin/../lib/gcc/nios2-elf/4.1.2/../../../../nios2-elf/lib\libc.a(lib_a-sbrkr.o)
 .bss           0x0002252c        0x0 c:/altera/13.0sp1/nios2eds/bin/gnu/h-i686-mingw32/bin/../lib/gcc/nios2-elf/4.1.2/../../../../nios2-elf/lib\libc.a(lib_a-sprintf.o)
 .bss           0x0002252c        0x0 c:/altera/13.0sp1/nios2eds/bin/gnu/h-i686-mingw32/bin/../lib/gcc/nios2-elf/4.1.2/../../../../nios2-elf/lib\libc.a(lib_a-sscanf.o)
 .bss           0x0002252c        0x0 c:/altera/13.0sp1/nios2eds/bin/gnu/h-i686-mingw32/bin/../lib/gcc/nios2-elf/4.1.2/../../../../nios2-elf/lib\libc.a(lib_a-stdio.o)
 .bss           0x0002252c        0x0 c:/altera/13.0sp1/nios2eds/bin/gnu/h-i686-mingw32/bin/../lib/gcc/nios2-elf/4.1.2/../../../../nios2-elf/lib\libc.a(lib_a-strchr.o)
 .bss           0x0002252c        0x0 c:/altera/13.0sp1/nios2eds/bin/gnu/h-i686-mingw32/bin/../lib/gcc/nios2-elf/4.1.2/../../../../nios2-elf/lib\libc.a(lib_a-strlen.o)
 .bss           0x0002252c        0x0 c:/altera/13.0sp1/nios2eds/bin/gnu/h-i686-mingw32/bin/../lib/gcc/nios2-elf/4.1.2/../../../../nios2-elf/lib\libc.a(lib_a-strtod.o)
 .bss           0x0002252c        0x0 c:/altera/13.0sp1/nios2eds/bin/gnu/h-i686-mingw32/bin/../lib/gcc/nios2-elf/4.1.2/../../../../nios2-elf/lib\libc.a(lib_a-strtol.o)
 .bss           0x0002252c        0x0 c:/altera/13.0sp1/nios2eds/bin/gnu/h-i686-mingw32/bin/../lib/gcc/nios2-elf/4.1.2/../../../../nios2-elf/lib\libc.a(lib_a-toupper.o)
 .bss           0x0002252c        0x0 c:/altera/13.0sp1/nios2eds/bin/gnu/h-i686-mingw32/bin/../lib/gcc/nios2-elf/4.1.2/../../../../nios2-elf/lib\libc.a(lib_a-vfprintf.o)
 .bss           0x0002252c        0x0 c:/altera/13.0sp1/nios2eds/bin/gnu/h-i686-mingw32/bin/../lib/gcc/nios2-elf/4.1.2/../../../../nios2-elf/lib\libc.a(lib_a-vfscanf.o)
 .bss           0x0002252c        0x0 c:/altera/13.0sp1/nios2eds/bin/gnu/h-i686-mingw32/bin/../lib/gcc/nios2-elf/4.1.2/../../../../nios2-elf/lib\libc.a(lib_a-writer.o)
 .bss           0x0002252c        0x0 c:/altera/13.0sp1/nios2eds/bin/gnu/h-i686-mingw32/bin/../lib/gcc/nios2-elf/4.1.2/../../../../nios2-elf/lib\libc.a(lib_a-wsetup.o)
 .bss           0x0002252c        0x0 c:/altera/13.0sp1/nios2eds/bin/gnu/h-i686-mingw32/bin/../lib/gcc/nios2-elf/4.1.2/../../../../nios2-elf/lib\libc.a(lib_a-closer.o)
 .bss           0x0002252c        0x0 c:/altera/13.0sp1/nios2eds/bin/gnu/h-i686-mingw32/bin/../lib/gcc/nios2-elf/4.1.2/../../../../nios2-elf/lib\libc.a(lib_a-ctype_.o)
 .bss           0x0002252c        0x0 c:/altera/13.0sp1/nios2eds/bin/gnu/h-i686-mingw32/bin/../lib/gcc/nios2-elf/4.1.2/../../../../nios2-elf/lib\libc.a(lib_a-dtoa.o)
 .bss           0x0002252c        0x0 c:/altera/13.0sp1/nios2eds/bin/gnu/h-i686-mingw32/bin/../lib/gcc/nios2-elf/4.1.2/../../../../nios2-elf/lib\libc.a(lib_a-flags.o)
 .bss           0x0002252c        0x0 c:/altera/13.0sp1/nios2eds/bin/gnu/h-i686-mingw32/bin/../lib/gcc/nios2-elf/4.1.2/../../../../nios2-elf/lib\libc.a(lib_a-fread.o)
 .bss           0x0002252c        0x0 c:/altera/13.0sp1/nios2eds/bin/gnu/h-i686-mingw32/bin/../lib/gcc/nios2-elf/4.1.2/../../../../nios2-elf/lib\libc.a(lib_a-fvwrite.o)
 .bss           0x0002252c        0x0 c:/altera/13.0sp1/nios2eds/bin/gnu/h-i686-mingw32/bin/../lib/gcc/nios2-elf/4.1.2/../../../../nios2-elf/lib\libc.a(lib_a-gdtoa-gethex.o)
 .bss           0x0002252c        0x0 c:/altera/13.0sp1/nios2eds/bin/gnu/h-i686-mingw32/bin/../lib/gcc/nios2-elf/4.1.2/../../../../nios2-elf/lib\libc.a(lib_a-gdtoa-hexnan.o)
 .bss           0x0002252c        0x0 c:/altera/13.0sp1/nios2eds/bin/gnu/h-i686-mingw32/bin/../lib/gcc/nios2-elf/4.1.2/../../../../nios2-elf/lib\libc.a(lib_a-isattyr.o)
 .bss           0x0002252c        0x0 c:/altera/13.0sp1/nios2eds/bin/gnu/h-i686-mingw32/bin/../lib/gcc/nios2-elf/4.1.2/../../../../nios2-elf/lib\libc.a(lib_a-iswspace.o)
 .bss           0x0002252c        0x0 c:/altera/13.0sp1/nios2eds/bin/gnu/h-i686-mingw32/bin/../lib/gcc/nios2-elf/4.1.2/../../../../nios2-elf/lib\libc.a(lib_a-locale.o)
 .bss           0x0002252c        0x0 c:/altera/13.0sp1/nios2eds/bin/gnu/h-i686-mingw32/bin/../lib/gcc/nios2-elf/4.1.2/../../../../nios2-elf/lib\libc.a(lib_a-lseekr.o)
 .bss           0x0002252c        0x0 c:/altera/13.0sp1/nios2eds/bin/gnu/h-i686-mingw32/bin/../lib/gcc/nios2-elf/4.1.2/../../../../nios2-elf/lib\libc.a(lib_a-mbrtowc.o)
 .bss           0x0002252c        0x0 c:/altera/13.0sp1/nios2eds/bin/gnu/h-i686-mingw32/bin/../lib/gcc/nios2-elf/4.1.2/../../../../nios2-elf/lib\libc.a(lib_a-mbtowc_r.o)
 .bss           0x0002252c        0x0 c:/altera/13.0sp1/nios2eds/bin/gnu/h-i686-mingw32/bin/../lib/gcc/nios2-elf/4.1.2/../../../../nios2-elf/lib\libc.a(lib_a-memchr.o)
 .bss           0x0002252c        0x0 c:/altera/13.0sp1/nios2eds/bin/gnu/h-i686-mingw32/bin/../lib/gcc/nios2-elf/4.1.2/../../../../nios2-elf/lib\libc.a(lib_a-memcpy.o)
 .bss           0x0002252c        0x0 c:/altera/13.0sp1/nios2eds/bin/gnu/h-i686-mingw32/bin/../lib/gcc/nios2-elf/4.1.2/../../../../nios2-elf/lib\libc.a(lib_a-memmove.o)
 .bss           0x0002252c        0x0 c:/altera/13.0sp1/nios2eds/bin/gnu/h-i686-mingw32/bin/../lib/gcc/nios2-elf/4.1.2/../../../../nios2-elf/lib\libc.a(lib_a-mprec.o)
 .bss           0x0002252c        0x0 c:/altera/13.0sp1/nios2eds/bin/gnu/h-i686-mingw32/bin/../lib/gcc/nios2-elf/4.1.2/../../../../nios2-elf/lib\libc.a(lib_a-putc.o)
 .bss           0x0002252c        0x0 c:/altera/13.0sp1/nios2eds/bin/gnu/h-i686-mingw32/bin/../lib/gcc/nios2-elf/4.1.2/../../../../nios2-elf/lib\libc.a(lib_a-readr.o)
 .bss           0x0002252c        0x0 c:/altera/13.0sp1/nios2eds/bin/gnu/h-i686-mingw32/bin/../lib/gcc/nios2-elf/4.1.2/../../../../nios2-elf/lib\libc.a(lib_a-reallocr.o)
 .bss           0x0002252c        0x0 c:/altera/13.0sp1/nios2eds/bin/gnu/h-i686-mingw32/bin/../lib/gcc/nios2-elf/4.1.2/../../../../nios2-elf/lib\libc.a(lib_a-s_isinfd.o)
 .bss           0x0002252c        0x0 c:/altera/13.0sp1/nios2eds/bin/gnu/h-i686-mingw32/bin/../lib/gcc/nios2-elf/4.1.2/../../../../nios2-elf/lib\libc.a(lib_a-s_isnand.o)
 .bss           0x0002252c        0x0 c:/altera/13.0sp1/nios2eds/bin/gnu/h-i686-mingw32/bin/../lib/gcc/nios2-elf/4.1.2/../../../../nios2-elf/lib\libc.a(lib_a-sccl.o)
 .bss           0x0002252c        0x0 c:/altera/13.0sp1/nios2eds/bin/gnu/h-i686-mingw32/bin/../lib/gcc/nios2-elf/4.1.2/../../../../nios2-elf/lib\libc.a(lib_a-sf_nan.o)
 .bss           0x0002252c        0x0 c:/altera/13.0sp1/nios2eds/bin/gnu/h-i686-mingw32/bin/../lib/gcc/nios2-elf/4.1.2/../../../../nios2-elf/lib\libc.a(lib_a-strcmp.o)
 .bss           0x0002252c        0x0 c:/altera/13.0sp1/nios2eds/bin/gnu/h-i686-mingw32/bin/../lib/gcc/nios2-elf/4.1.2/../../../../nios2-elf/lib\libc.a(lib_a-strtoll_r.o)
 .bss           0x0002252c        0x0 c:/altera/13.0sp1/nios2eds/bin/gnu/h-i686-mingw32/bin/../lib/gcc/nios2-elf/4.1.2/../../../../nios2-elf/lib\libc.a(lib_a-strtoul.o)
 .bss           0x0002252c        0x0 c:/altera/13.0sp1/nios2eds/bin/gnu/h-i686-mingw32/bin/../lib/gcc/nios2-elf/4.1.2/../../../../nios2-elf/lib\libc.a(lib_a-strtoull_r.o)
 .bss           0x0002252c        0x0 c:/altera/13.0sp1/nios2eds/bin/gnu/h-i686-mingw32/bin/../lib/gcc/nios2-elf/4.1.2/../../../../nios2-elf/lib\libc.a(lib_a-ungetc.o)
 .bss           0x0002252c        0x0 c:/altera/13.0sp1/nios2eds/bin/gnu/h-i686-mingw32/bin/../lib/gcc/nios2-elf/4.1.2/../../../../nios2-elf/lib\libc.a(lib_a-wbuf.o)